Archive member included to satisfy reference by file (symbol)

C:/ST/STM32CubeIDE_2.1.1/STM32CubeIDE/plugins/com.st.stm32cube.ide.mcu.externaltools.gnu-tools-for-stm32.14.3.rel1.win32_1.0.100.202602081740/tools/bin/../lib/gcc/arm-none-eabi/14.3.1/../../../../arm-none-eabi/lib/thumb/v7e-m+dp/hard\libc_nano.a(libc_a-exit.o)
                              C:/ST/STM32CubeIDE_2.1.1/STM32CubeIDE/plugins/com.st.stm32cube.ide.mcu.externaltools.gnu-tools-for-stm32.14.3.rel1.win32_1.0.100.202602081740/tools/bin/../lib/gcc/arm-none-eabi/14.3.1/../../../../arm-none-eabi/lib/thumb/v7e-m+dp/hard/crt0.o (exit)
C:/ST/STM32CubeIDE_2.1.1/STM32CubeIDE/plugins/com.st.stm32cube.ide.mcu.externaltools.gnu-tools-for-stm32.14.3.rel1.win32_1.0.100.202602081740/tools/bin/../lib/gcc/arm-none-eabi/14.3.1/../../../../arm-none-eabi/lib/thumb/v7e-m+dp/hard\libc_nano.a(libc_a-findfp.o)
                              C:/ST/STM32CubeIDE_2.1.1/STM32CubeIDE/plugins/com.st.stm32cube.ide.mcu.externaltools.gnu-tools-for-stm32.14.3.rel1.win32_1.0.100.202602081740/tools/bin/../lib/gcc/arm-none-eabi/14.3.1/../../../../arm-none-eabi/lib/thumb/v7e-m+dp/hard\libc_nano.a(libc_a-exit.o) (__stdio_exit_handler)
C:/ST/STM32CubeIDE_2.1.1/STM32CubeIDE/plugins/com.st.stm32cube.ide.mcu.externaltools.gnu-tools-for-stm32.14.3.rel1.win32_1.0.100.202602081740/tools/bin/../lib/gcc/arm-none-eabi/14.3.1/../../../../arm-none-eabi/lib/thumb/v7e-m+dp/hard\libc_nano.a(libc_a-fwalk.o)
                              C:/ST/STM32CubeIDE_2.1.1/STM32CubeIDE/plugins/com.st.stm32cube.ide.mcu.externaltools.gnu-tools-for-stm32.14.3.rel1.win32_1.0.100.202602081740/tools/bin/../lib/gcc/arm-none-eabi/14.3.1/../../../../arm-none-eabi/lib/thumb/v7e-m+dp/hard\libc_nano.a(libc_a-findfp.o) (_fwalk_sglue)
C:/ST/STM32CubeIDE_2.1.1/STM32CubeIDE/plugins/com.st.stm32cube.ide.mcu.externaltools.gnu-tools-for-stm32.14.3.rel1.win32_1.0.100.202602081740/tools/bin/../lib/gcc/arm-none-eabi/14.3.1/../../../../arm-none-eabi/lib/thumb/v7e-m+dp/hard\libc_nano.a(libc_a-stdio.o)
                              C:/ST/STM32CubeIDE_2.1.1/STM32CubeIDE/plugins/com.st.stm32cube.ide.mcu.externaltools.gnu-tools-for-stm32.14.3.rel1.win32_1.0.100.202602081740/tools/bin/../lib/gcc/arm-none-eabi/14.3.1/../../../../arm-none-eabi/lib/thumb/v7e-m+dp/hard\libc_nano.a(libc_a-findfp.o) (__sread)
C:/ST/STM32CubeIDE_2.1.1/STM32CubeIDE/plugins/com.st.stm32cube.ide.mcu.externaltools.gnu-tools-for-stm32.14.3.rel1.win32_1.0.100.202602081740/tools/bin/../lib/gcc/arm-none-eabi/14.3.1/../../../../arm-none-eabi/lib/thumb/v7e-m+dp/hard\libc_nano.a(libc_a-memset.o)
                              C:/ST/STM32CubeIDE_2.1.1/STM32CubeIDE/plugins/com.st.stm32cube.ide.mcu.externaltools.gnu-tools-for-stm32.14.3.rel1.win32_1.0.100.202602081740/tools/bin/../lib/gcc/arm-none-eabi/14.3.1/../../../../arm-none-eabi/lib/thumb/v7e-m+dp/hard/crt0.o (memset)
C:/ST/STM32CubeIDE_2.1.1/STM32CubeIDE/plugins/com.st.stm32cube.ide.mcu.externaltools.gnu-tools-for-stm32.14.3.rel1.win32_1.0.100.202602081740/tools/bin/../lib/gcc/arm-none-eabi/14.3.1/../../../../arm-none-eabi/lib/thumb/v7e-m+dp/hard\libc_nano.a(libc_a-closer.o)
                              C:/ST/STM32CubeIDE_2.1.1/STM32CubeIDE/plugins/com.st.stm32cube.ide.mcu.externaltools.gnu-tools-for-stm32.14.3.rel1.win32_1.0.100.202602081740/tools/bin/../lib/gcc/arm-none-eabi/14.3.1/../../../../arm-none-eabi/lib/thumb/v7e-m+dp/hard\libc_nano.a(libc_a-stdio.o) (_close_r)
C:/ST/STM32CubeIDE_2.1.1/STM32CubeIDE/plugins/com.st.stm32cube.ide.mcu.externaltools.gnu-tools-for-stm32.14.3.rel1.win32_1.0.100.202602081740/tools/bin/../lib/gcc/arm-none-eabi/14.3.1/../../../../arm-none-eabi/lib/thumb/v7e-m+dp/hard\libc_nano.a(libc_a-reent.o)
                              C:/ST/STM32CubeIDE_2.1.1/STM32CubeIDE/plugins/com.st.stm32cube.ide.mcu.externaltools.gnu-tools-for-stm32.14.3.rel1.win32_1.0.100.202602081740/tools/bin/../lib/gcc/arm-none-eabi/14.3.1/../../../../arm-none-eabi/lib/thumb/v7e-m+dp/hard\libc_nano.a(libc_a-closer.o) (errno)
C:/ST/STM32CubeIDE_2.1.1/STM32CubeIDE/plugins/com.st.stm32cube.ide.mcu.externaltools.gnu-tools-for-stm32.14.3.rel1.win32_1.0.100.202602081740/tools/bin/../lib/gcc/arm-none-eabi/14.3.1/../../../../arm-none-eabi/lib/thumb/v7e-m+dp/hard\libc_nano.a(libc_a-impure.o)
                              C:/ST/STM32CubeIDE_2.1.1/STM32CubeIDE/plugins/com.st.stm32cube.ide.mcu.externaltools.gnu-tools-for-stm32.14.3.rel1.win32_1.0.100.202602081740/tools/bin/../lib/gcc/arm-none-eabi/14.3.1/../../../../arm-none-eabi/lib/thumb/v7e-m+dp/hard\libc_nano.a(libc_a-reent.o) (_impure_ptr)
C:/ST/STM32CubeIDE_2.1.1/STM32CubeIDE/plugins/com.st.stm32cube.ide.mcu.externaltools.gnu-tools-for-stm32.14.3.rel1.win32_1.0.100.202602081740/tools/bin/../lib/gcc/arm-none-eabi/14.3.1/../../../../arm-none-eabi/lib/thumb/v7e-m+dp/hard\libc_nano.a(libc_a-lseekr.o)
[...]
Memory Configuration

Name             Origin             Length             Attributes
FLASH            0x08000000         0x00020000         xr
DTCMRAM          0x20000000         0x00020000         xrw
RAM_D1           0x24000000         0x00080000         xrw
RAM_D2           0x30000000         0x00048000         xrw
RAM_D3           0x38000000         0x00010000         xrw
ITCMRAM          0x00000000         0x00010000         xrw
*default*        0x00000000         0xffffffff

Linker script and memory map

LOAD C:/ST/STM32CubeIDE_2.1.1/STM32CubeIDE/plugins/com.st.stm32cube.ide.mcu.externaltools.gnu-tools-for-stm32.14.3.rel1.win32_1.0.100.202602081740/tools/bin/../lib/gcc/arm-none-eabi/14.3.1/thumb/v7e-m+dp/hard/crti.o
LOAD C:/ST/STM32CubeIDE_2.1.1/STM32CubeIDE/plugins/com.st.stm32cube.ide.mcu.externaltools.gnu-tools-for-stm32.14.3.rel1.win32_1.0.100.202602081740/tools/bin/../lib/gcc/arm-none-eabi/14.3.1/thumb/v7e-m+dp/hard/crtbegin.o
LOAD C:/ST/STM32CubeIDE_2.1.1/STM32CubeIDE/plugins/com.st.stm32cube.ide.mcu.externaltools.gnu-tools-for-stm32.14.3.rel1.win32_1.0.100.202602081740/tools/bin/../lib/gcc/arm-none-eabi/14.3.1/../../../../arm-none-eabi/lib/thumb/v7e-m+dp/hard/crt0.o
LOAD ./Core/Src/Odrive_can.o
LOAD ./Core/Src/blackbox.o
LOAD ./Core/Src/bms_emus_can.o
LOAD ./Core/Src/brake_control.o
LOAD ./Core/Src/can_comm.o
LOAD ./Core/Src/can_dma_buffer.o
LOAD ./Core/Src/current_limiter.o
LOAD ./Core/Src/drive_mode.o
LOAD ./Core/Src/encoder_reader.o
LOAD ./Core/Src/failsafe.o
LOAD ./Core/Src/fdcan.o
LOAD ./Core/Src/freertos.o
LOAD ./Core/Src/gpio.o
LOAD ./Core/Src/heartbeat.o
LOAD ./Core/Src/imu_filter.o
LOAD ./Core/Src/iwdg.o
LOAD ./Core/Src/main.o
LOAD ./Core/Src/mdma.o
LOAD ./Core/Src/motor_control.o
LOAD ./Core/Src/odrive_sm.o
LOAD ./Core/Src/pid.o
LOAD ./Core/Src/pid_tuner.o
LOAD ./Core/Src/protocol.o
LOAD ./Core/Src/safe_mode.o
LOAD ./Core/Src/safety.o
LOAD ./Core/Src/state_machine.o
LOAD ./Core/Src/stm32h7xx_hal_msp.o
LOAD ./Core/Src/stm32h7xx_hal_timebase_tim.o
LOAD ./Core/Src/stm32h7xx_it.o
LOAD ./Core/Src/syscalls.o
LOAD ./Core/Src/sysmem.o
LOAD ./Core/Src/system_stm32h7xx.o
LOAD ./Core/Src/tim.o
LOAD ./Core/Src/unit_conversion.o
LOAD ./Core/Src/vel_profile.o
LOAD ./Core/Src/weapon_control.o
LOAD ./Core/Startup/startup_stm32h750vbtx.o
LOAD ./Drivers/STM32H7xx_HAL_Driver/Src/stm32h7xx_hal.o
LOAD ./Drivers/STM32H7xx_HAL_Driver/Src/stm32h7xx_hal_cortex.o
LOAD ./Drivers/STM32H7xx_HAL_Driver/Src/stm32h7xx_hal_dma.o
LOAD ./Drivers/STM32H7xx_HAL_Driver/Src/stm32h7xx_hal_dma_ex.o
LOAD ./Drivers/STM32H7xx_HAL_Driver/Src/stm32h7xx_hal_exti.o
LOAD ./Drivers/STM32H7xx_HAL_Driver/Src/stm32h7xx_hal_fdcan.o
LOAD ./Drivers/STM32H7xx_HAL_Driver/Src/stm32h7xx_hal_flash.o
LOAD ./Drivers/STM32H7xx_HAL_Driver/Src/stm32h7xx_hal_flash_ex.o
LOAD ./Drivers/STM32H7xx_HAL_Driver/Src/stm32h7xx_hal_gpio.o
LOAD ./Drivers/STM32H7xx_HAL_Driver/Src/stm32h7xx_hal_hsem.o
LOAD ./Drivers/STM32H7xx_HAL_Driver/Src/stm32h7xx_hal_i2c.o
LOAD ./Drivers/STM32H7xx_HAL_Driver/Src/stm32h7xx_hal_i2c_ex.o
LOAD ./Drivers/STM32H7xx_HAL_Driver/Src/stm32h7xx_hal_iwdg.o
LOAD ./Drivers/STM32H7xx_HAL_Driver/Src/stm32h7xx_hal_mdma.o
LOAD ./Drivers/STM32H7xx_HAL_Driver/Src/stm32h7xx_hal_pwr.o
LOAD ./Drivers/STM32H7xx_HAL_Driver/Src/stm32h7xx_hal_pwr_ex.o
LOAD ./Drivers/STM32H7xx_HAL_Driver/Src/stm32h7xx_hal_rcc.o
LOAD ./Drivers/STM32H7xx_HAL_Driver/Src/stm32h7xx_hal_rcc_ex.o
LOAD ./Drivers/STM32H7xx_HAL_Driver/Src/stm32h7xx_hal_tim.o
LOAD ./Drivers/STM32H7xx_HAL_Driver/Src/stm32h7xx_hal_tim_ex.o
LOAD ./Middlewares/Third_Party/FreeRTOS/Source/CMSIS_RTOS_V2/cmsis_os2.o
LOAD ./Middlewares/Third_Party/FreeRTOS/Source/croutine.o
LOAD ./Middlewares/Third_Party/FreeRTOS/Source/event_groups.o
LOAD ./Middlewares/Third_Party/FreeRTOS/Source/list.o
LOAD ./Middlewares/Third_Party/FreeRTOS/Source/queue.o
LOAD ./Middlewares/Third_Party/FreeRTOS/Source/stream_buffer.o
LOAD ./Middlewares/Third_Party/FreeRTOS/Source/tasks.o
LOAD ./Middlewares/Third_Party/FreeRTOS/Source/timers.o
LOAD ./Middlewares/Third_Party/FreeRTOS/Source/portable/Common/mpu_wrappers_v2.o
LOAD ./Middlewares/Third_Party/FreeRTOS/Source/portable/GCC/ARM_CM4F/port.o
LOAD ./Middlewares/Third_Party/FreeRTOS/Source/portable/MemMang/heap_4.o
START GROUP
LOAD C:/ST/STM32CubeIDE_2.1.1/STM32CubeIDE/plugins/com.st.stm32cube.ide.mcu.externaltools.gnu-tools-for-stm32.14.3.rel1.win32_1.0.100.202602081740/tools/bin/../lib/gcc/arm-none-eabi/14.3.1/../../../../arm-none-eabi/lib/thumb/v7e-m+dp/hard\libc_nano.a
LOAD C:/ST/STM32CubeIDE_2.1.1/STM32CubeIDE/plugins/com.st.stm32cube.ide.mcu.externaltools.gnu-tools-for-stm32.14.3.rel1.win32_1.0.100.202602081740/tools/bin/../lib/gcc/arm-none-eabi/14.3.1/../../../../arm-none-eabi/lib/thumb/v7e-m+dp/hard\libm.a
END GROUP
START GROUP
LOAD C:/ST/STM32CubeIDE_2.1.1/STM32CubeIDE/plugins/com.st.stm32cube.ide.mcu.externaltools.gnu-tools-for-stm32.14.3.rel1.win32_1.0.100.202602081740/tools/bin/../lib/gcc/arm-none-eabi/14.3.1/thumb/v7e-m+dp/hard\libgcc.a
LOAD C:/ST/STM32CubeIDE_2.1.1/STM32CubeIDE/plugins/com.st.stm32cube.ide.mcu.externaltools.gnu-tools-for-stm32.14.3.rel1.win32_1.0.100.202602081740/tools/bin/../lib/gcc/arm-none-eabi/14.3.1/../../../../arm-none-eabi/lib/thumb/v7e-m+dp/hard\libc_nano.a
END GROUP
START GROUP
LOAD C:/ST/STM32CubeIDE_2.1.1/STM32CubeIDE/plugins/com.st.stm32cube.ide.mcu.externaltools.gnu-tools-for-stm32.14.3.rel1.win32_1.0.100.202602081740/tools/bin/../lib/gcc/arm-none-eabi/14.3.1/thumb/v7e-m+dp/hard\libgcc.a
LOAD C:/ST/STM32CubeIDE_2.1.1/STM32CubeIDE/plugins/com.st.stm32cube.ide.mcu.externaltools.gnu-tools-for-stm32.14.3.rel1.win32_1.0.100.202602081740/tools/bin/../lib/gcc/arm-none-eabi/14.3.1/../../../../arm-none-eabi/lib/thumb/v7e-m+dp/hard\libc_nano.a
LOAD C:/ST/STM32CubeIDE_2.1.1/STM32CubeIDE/plugins/com.st.stm32cube.ide.mcu.externaltools.gnu-tools-for-stm32.14.3.rel1.win32_1.0.100.202602081740/tools/bin/../lib/gcc/arm-none-eabi/14.3.1/../../../../arm-none-eabi/lib/thumb/v7e-m+dp/hard\libnosys.a
END GROUP
START GROUP
LOAD C:/ST/STM32CubeIDE_2.1.1/STM32CubeIDE/plugins/com.st.stm32cube.ide.mcu.externaltools.gnu-tools-for-stm32.14.3.rel1.win32_1.0.100.202602081740/tools/bin/../lib/gcc/arm-none-eabi/14.3.1/thumb/v7e-m+dp/hard\libgcc.a
LOAD C:/ST/STM32CubeIDE_2.1.1/STM32CubeIDE/plugins/com.st.stm32cube.ide.mcu.externaltools.gnu-tools-for-stm32.14.3.rel1.win32_1.0.100.202602081740/tools/bin/../lib/gcc/arm-none-eabi/14.3.1/../../../../arm-none-eabi/lib/thumb/v7e-m+dp/hard\libc_nano.a
LOAD C:/ST/STM32CubeIDE_2.1.1/STM32CubeIDE/plugins/com.st.stm32cube.ide.mcu.externaltools.gnu-tools-for-stm32.14.3.rel1.win32_1.0.100.202602081740/tools/bin/../lib/gcc/arm-none-eabi/14.3.1/../../../../arm-none-eabi/lib/thumb/v7e-m+dp/hard\libnosys.a
END GROUP
LOAD C:/ST/STM32CubeIDE_2.1.1/STM32CubeIDE/plugins/com.st.stm32cube.ide.mcu.externaltools.gnu-tools-for-stm32.14.3.rel1.win32_1.0.100.202602081740/tools/bin/../lib/gcc/arm-none-eabi/14.3.1/thumb/v7e-m+dp/hard/crtend.o
LOAD C:/ST/STM32CubeIDE_2.1.1/STM32CubeIDE/plugins/com.st.stm32cube.ide.mcu.externaltools.gnu-tools-for-stm32.14.3.rel1.win32_1.0.100.202602081740/tools/bin/../lib/gcc/arm-none-eabi/14.3.1/thumb/v7e-m+dp/hard/crtn.o
                0x24080000                        _estack = (ORIGIN (RAM_D1) + LENGTH (RAM_D1))
                0x00000200                        _Min_Heap_Size = 0x200
                0x00000400                        _Min_Stack_Size = 0x400

.isr_vector     0x08000000      0x298
                0x08000000                        . = ALIGN (0x4)
 *(.isr_vector)
 .isr_vector    0x08000000      0x298 ./Core/Startup/startup_stm32h750vbtx.o
                0x08000000                g_pfnVectors
                0x08000298                        . = ALIGN (0x4)

.text           0x080002a0     0xd310
                0x080002a0                        . = ALIGN (0x4)
 *(.text)
 .text          0x080002a0       0x40 C:/ST/STM32CubeIDE_2.1.1/STM32CubeIDE/plugins/com.st.stm32cube.ide.mcu.externaltools.gnu-tools-for-stm32.14.3.rel1.win32_1.0.100.202602081740/tools/bin/../lib/gcc/arm-none-eabi/14.3.1/thumb/v7e-m+dp/hard/crtbegin.o
 *(.text*)
 .text.read_f32_le
                0x080002e0       0x4c ./Core/Src/Odrive_can.o
 .text.read_u32_le
                0x0800032c       0x38 ./Core/Src/Odrive_can.o
 .text.write_f32_le
                0x08000364       0x4c ./Core/Src/Odrive_can.o
 .text.unpack_heartbeat
                0x080003b0       0x42 ./Core/Src/Odrive_can.o
 .text.unpack_encoder
                0x080003f2       0x36 ./Core/Src/Odrive_can.o
 .text.unpack_iq
                0x08000428       0x36 ./Core/Src/Odrive_can.o
 .text.unpack_bus_vi
                0x0800045e       0x36 ./Core/Src/Odrive_can.o
 .text.pack_set_vel
                0x08000494       0x36 ./Core/Src/Odrive_can.o
 *fill*         0x080004ca        0x2 
 .text.odrive_init
                0x080004cc       0x20 ./Core/Src/Odrive_can.o
                0x080004cc                odrive_init
 .text.odrive_process_rx
                0x080004ec      0x110 ./Core/Src/Odrive_can.o
                0x080004ec                odrive_process_rx
 .text.odrive_send_velocity
                0x080005fc       0x3e ./Core/Src/Odrive_can.o
                0x080005fc                odrive_send_velocity
 *fill*         0x0800063a        0x2 
 .text.odrive_mps_to_turns_per_s
                0x0800063c       0x3c ./Core/Src/Odrive_can.o
                0x0800063c                odrive_mps_to_turns_per_s
 .text.odrive_turns_per_s_to_mps
                0x08000678       0x3c ./Core/Src/Odrive_can.o
                0x08000678                odrive_turns_per_s_to_mps
 .text.odrive_get_state
                0x080006b4       0x14 ./Core/Src/Odrive_can.o
                0x080006b4                odrive_get_state
 .text.calculate_checksum
                0x080006c8       0x40 ./Core/Src/blackbox.o
 .text.blackbox_init
                0x08000708       0x8c ./Core/Src/blackbox.o
                0x08000708                blackbox_init
 .text.blackbox_log_step
                0x08000794       0xc8 ./Core/Src/blackbox.o
                0x08000794                blackbox_log_step
 .text.blackbox_lock_and_save_crash
                0x0800085c       0x2a ./Core/Src/blackbox.o
                0x0800085c                blackbox_lock_and_save_crash
 *fill*         0x08000886        0x2 
 .text.BMS_Init
                0x08000888       0x64 ./Core/Src/bms_emus_can.o
                0x08000888                BMS_Init
 .text.BMS_ParseCanMessage
                0x080008ec      0x160 ./Core/Src/bms_emus_can.o
                0x080008ec                BMS_ParseCanMessage
 .text.BMS_GetAvgCellVoltage
                0x08000a4c       0x7c ./Core/Src/bms_emus_can.o
                0x08000a4c                BMS_GetAvgCellVoltage
 .text.BMS_GetMinCellVoltage
                0x08000ac8       0x78 ./Core/Src/bms_emus_can.o
                0x08000ac8                BMS_GetMinCellVoltage
 .text.BMS_GetMaxCellVoltage
                0x08000b40       0x78 ./Core/Src/bms_emus_can.o
                0x08000b40                BMS_GetMaxCellVoltage
 .text.BMS_GetMaxCellTemp
                0x08000bb8       0x64 ./Core/Src/bms_emus_can.o
                0x08000bb8                BMS_GetMaxCellTemp
 .text.BMS_GetMinCellTemp
                0x08000c1c       0x64 ./Core/Src/bms_emus_can.o
                0x08000c1c                BMS_GetMinCellTemp
 .text.brake_init
                0x08000c80       0x20 ./Core/Src/brake_control.o
                0x08000c80                brake_init
 .text.brake_apply
                0x08000ca0       0x20 ./Core/Src/brake_control.o
                0x08000ca0                brake_apply
 .text.brake_release
                0x08000cc0       0x20 ./Core/Src/brake_control.o
                0x08000cc0                brake_release
 .text.get_fdcan_dlc
                0x08000ce0       0x68 ./Core/Src/can_comm.o
                0x08000ce0                get_fdcan_dlc
 .text.can_send_Nbyte
                0x08000d48       0xb0 ./Core/Src/can_comm.o
                0x08000d48                can_send_Nbyte
 .text.can_send_report
                0x08000df8       0x2e ./Core/Src/can_comm.o
                0x08000df8                can_send_report
 .text.can_send_bms_report
                0x08000e26       0x2e ./Core/Src/can_comm.o
                0x08000e26                can_send_bms_report
 .text.can_init
                0x08000e54       0x98 ./Core/Src/can_comm.o
                0x08000e54                can_init
 .text.HAL_FDCAN_RxFifo0Callback
                0x08000eec       0x3c ./Core/Src/can_comm.o
                0x08000eec                HAL_FDCAN_RxFifo0Callback
 .text.dlc_to_bytes
                0x08000f28       0x2c ./Core/Src/can_dma_buffer.o
 .text.can_dma_buffer_init
                0x08000f54       0x64 ./Core/Src/can_dma_buffer.o
                0x08000f54                can_dma_buffer_init
 .text.can_dma_buffer_push_from_isr
                0x08000fb8      0x274 ./Core/Src/can_dma_buffer.o
                0x08000fb8                can_dma_buffer_push_from_isr
 .text.can_dma_buffer_pop
                0x0800122c       0xf8 ./Core/Src/can_dma_buffer.o
                0x0800122c                can_dma_buffer_pop
 .text.can_dma_buffer_get_overrun_count
                0x08001324       0x18 ./Core/Src/can_dma_buffer.o
                0x08001324                can_dma_buffer_get_overrun_count
 .text.can_dma_buffer_reset_stats
                0x0800133c       0x18 ./Core/Src/can_dma_buffer.o
                0x0800133c                can_dma_buffer_reset_stats
 .text.clamp    0x08001354       0x52 ./Core/Src/current_limiter.o
 .text.lerp     0x080013a6       0x8c ./Core/Src/current_limiter.o
 *fill*         0x08001432        0x2 
 .text.current_limiter_init
                0x08001434       0x74 ./Core/Src/current_limiter.o
                0x08001434                current_limiter_init
 .text.current_limiter_set_override
                0x080014a8       0x20 ./Core/Src/current_limiter.o
                0x080014a8                current_limiter_set_override
 .text.current_limiter_update
                0x080014c8      0x174 ./Core/Src/current_limiter.o
                0x080014c8                current_limiter_update
 .text.current_limiter_apply
                0x0800163c       0xd4 ./Core/Src/current_limiter.o
                0x0800163c                current_limiter_apply
 .text.drive_mode_update
                0x08001710       0xc8 ./Core/Src/drive_mode.o
                0x08001710                drive_mode_update
 .text.apply_brakes_and_stop
                0x080017d8       0x12 ./Core/Src/failsafe.o
 *fill*         0x080017ea        0x2 
 .text.failsafe_init
                0x080017ec       0x30 ./Core/Src/failsafe.o
                0x080017ec                failsafe_init
 .text.failsafe_kick
                0x0800181c       0x30 ./Core/Src/failsafe.o
                0x0800181c                failsafe_kick
 .text.failsafe_force
                0x0800184c      0x1a0 ./Core/Src/failsafe.o
                0x0800184c                failsafe_force
 .text.failsafe_check
                0x080019ec       0x44 ./Core/Src/failsafe.o
                0x080019ec                failsafe_check
 .text.failsafe_is_active
                0x08001a30       0x30 ./Core/Src/failsafe.o
                0x08001a30                failsafe_is_active
 .text.failsafe_is_hard_locked
                0x08001a60       0x18 ./Core/Src/failsafe.o
                0x08001a60                failsafe_is_hard_locked
 .text.MX_FDCAN1_Init
                0x08001a78       0xcc ./Core/Src/fdcan.o
                0x08001a78                MX_FDCAN1_Init
 .text.HAL_FDCAN_MspInit
                0x08001b44      0x114 ./Core/Src/fdcan.o
                0x08001b44                HAL_FDCAN_MspInit
 .text.MX_FREERTOS_Init
                0x08001c58      0x11c ./Core/Src/freertos.o
                0x08001c58                MX_FREERTOS_Init
 .text.StartDefaultTask
                0x08001d74       0x12 ./Core/Src/freertos.o
                0x08001d74                StartDefaultTask
 *fill*         0x08001d86        0x2 
 .text.StartControlTask
                0x08001d88      0x55c ./Core/Src/freertos.o
                0x08001d88                StartControlTask
 .text.StartSafetyTask
                0x080022e4      0x190 ./Core/Src/freertos.o
                0x080022e4                StartSafetyTask
 .text.StartTelemetryTask
                0x08002474      0x34c ./Core/Src/freertos.o
                0x08002474                StartTelemetryTask
 .text.MX_GPIO_Init
                0x080027c0      0x180 ./Core/Src/gpio.o
                0x080027c0                MX_GPIO_Init
 .text.read_u32_le
                0x08002940       0x38 ./Core/Src/heartbeat.o
 .text.heartbeat_init
                0x08002978       0x38 ./Core/Src/heartbeat.o
                0x08002978                heartbeat_init
 .text.heartbeat_kick
                0x080029b0       0x40 ./Core/Src/heartbeat.o
                0x080029b0                heartbeat_kick
 .text.heartbeat_check
                0x080029f0       0x46 ./Core/Src/heartbeat.o
                0x080029f0                heartbeat_check
 .text.heartbeat_is_alive
                0x08002a36       0x18 ./Core/Src/heartbeat.o
                0x08002a36                heartbeat_is_alive
 .text._clamp   0x08002a4e       0x52 ./Core/Src/imu_filter.o
 .text.imu_filter_init
                0x08002aa0       0x40 ./Core/Src/imu_filter.o
                0x08002aa0                imu_filter_init
 .text.imu_filter_update
                0x08002ae0       0xa0 ./Core/Src/imu_filter.o
                0x08002ae0                imu_filter_update
 .text.imu_filter_reset
                0x08002b80       0x24 ./Core/Src/imu_filter.o
                0x08002b80                imu_filter_reset
 .text.MX_IWDG1_Init
                0x08002ba4       0x3c ./Core/Src/iwdg.o
                0x08002ba4                MX_IWDG1_Init
 .text.main     0x08002be0       0x70 ./Core/Src/main.o
                0x08002be0                main
 .text.SystemClock_Config
                0x08002c50       0xe4 ./Core/Src/main.o
                0x08002c50                SystemClock_Config
 .text.MPU_Config
                0x08002d34       0x94 ./Core/Src/main.o
 .text.HAL_TIM_PeriodElapsedCallback
                0x08002dc8       0x24 ./Core/Src/main.o
                0x08002dc8                HAL_TIM_PeriodElapsedCallback
 .text.Error_Handler
                0x08002dec        0xc ./Core/Src/main.o
                0x08002dec                Error_Handler
 .text.MX_MDMA_Init
                0x08002df8       0xb8 ./Core/Src/mdma.o
                0x08002df8                MX_MDMA_Init
 .text.motor_init
                0x08002eb0       0x18 ./Core/Src/motor_control.o
                0x08002eb0                motor_init
 .text.motor_apply_fail_safe
                0x08002ec8       0x28 ./Core/Src/motor_control.o
                0x08002ec8                motor_apply_fail_safe
 .text.motor_set_target_speed
                0x08002ef0       0x20 ./Core/Src/motor_control.o
                0x08002ef0                motor_set_target_speed
 .text.motor_set_output
                0x08002f10       0xdc ./Core/Src/motor_control.o
                0x08002f10                motor_set_output
 .text.send_axis_state
                0x08002fec       0x3c ./Core/Src/odrive_sm.o
 .text.odrive_sm_init
                0x08003028       0x30 ./Core/Src/odrive_sm.o
                0x08003028                odrive_sm_init
 .text.odrive_sm_update
                0x08003058      0x170 ./Core/Src/odrive_sm.o
                0x08003058                odrive_sm_update
 .text.odrive_sm_force_idle
                0x080031c8       0x26 ./Core/Src/odrive_sm.o
                0x080031c8                odrive_sm_force_idle
 .text.PID_Init
                0x080031ee       0x56 ./Core/Src/pid.o
                0x080031ee                PID_Init
 .text.PID_Reset
                0x08003244       0x24 ./Core/Src/pid.o
                0x08003244                PID_Reset
 .text.PID_SetHoldOffset
                0x08003268       0x20 ./Core/Src/pid.o
                0x08003268                PID_SetHoldOffset
 .text.PID_Compute
                0x08003288      0x164 ./Core/Src/pid.o
                0x08003288                PID_Compute
 .text.PID_Compute_WithFeedForward
                0x080033ec       0x84 ./Core/Src/pid.o
                0x080033ec                PID_Compute_WithFeedForward
 .text.proto_write_u32_le
                0x08003470       0x42 ./Core/Src/protocol.o
 .text.proto_read_u32_le
                0x080034b2       0x38 ./Core/Src/protocol.o
 .text.proto_write_f32_le
                0x080034ea       0x26 ./Core/Src/protocol.o
 .text.proto_read_f32_le
                0x08003510       0x2c ./Core/Src/protocol.o
 .text.proto_crc8
                0x0800353c       0x74 ./Core/Src/protocol.o
                0x0800353c                proto_crc8
 .text.proto_unpack_command
                0x080035b0       0xde ./Core/Src/protocol.o
                0x080035b0                proto_unpack_command
 .text.proto_pack_report
                0x0800368e       0xf0 ./Core/Src/protocol.o
                0x0800368e                proto_pack_report
 .text.proto_pack_bms_report
                0x0800377e      0x118 ./Core/Src/protocol.o
                0x0800377e                proto_pack_bms_report
 *fill*         0x08003896        0x2 
 .text.safe_mode_check
                0x08003898       0x80 ./Core/Src/safe_mode.o
                0x08003898                safe_mode_check
 .text.Safety_Init
                0x08003918        0xe ./Core/Src/safety.o
                0x08003918                Safety_Init
 *fill*         0x08003926        0x2 
 .text.Safety_Check
                0x08003928       0x34 ./Core/Src/safety.o
                0x08003928                Safety_Check
 .text.HAL_GPIO_EXTI_Callback
                0x0800395c       0x1c ./Core/Src/safety.o
                0x0800395c                HAL_GPIO_EXTI_Callback
 .text.state_machine_init
                0x08003978       0x18 ./Core/Src/state_machine.o
                0x08003978                state_machine_init
 .text.state_machine_get
                0x08003990       0x44 ./Core/Src/state_machine.o
                0x08003990                state_machine_get
 .text.state_machine_set
                0x080039d4       0x58 ./Core/Src/state_machine.o
                0x080039d4                state_machine_set
 .text.HAL_MspInit
                0x08003a2c       0x3c ./Core/Src/stm32h7xx_hal_msp.o
                0x08003a2c                HAL_MspInit
 .text.HAL_InitTick
                0x08003a68       0xd8 ./Core/Src/stm32h7xx_hal_timebase_tim.o
                0x08003a68                HAL_InitTick
 .text.NMI_Handler
                0x08003b40        0x8 ./Core/Src/stm32h7xx_it.o
                0x08003b40                NMI_Handler
 .text.HardFault_Handler
                0x08003b48        0x8 ./Core/Src/stm32h7xx_it.o
                0x08003b48                HardFault_Handler
 .text.MemManage_Handler
                0x08003b50        0x8 ./Core/Src/stm32h7xx_it.o
                0x08003b50                MemManage_Handler
 .text.BusFault_Handler
                0x08003b58        0x8 ./Core/Src/stm32h7xx_it.o
                0x08003b58                BusFault_Handler
 .text.UsageFault_Handler
                0x08003b60        0x8 ./Core/Src/stm32h7xx_it.o
                0x08003b60                UsageFault_Handler
 .text.DebugMon_Handler
                0x08003b68        0xe ./Core/Src/stm32h7xx_it.o
                0x08003b68                DebugMon_Handler
 *fill*         0x08003b76        0x2 
 .text.FDCAN1_IT0_IRQHandler
                0x08003b78       0x14 ./Core/Src/stm32h7xx_it.o
                0x08003b78                FDCAN1_IT0_IRQHandler
 .text.FDCAN1_IT1_IRQHandler
                0x08003b8c       0x14 ./Core/Src/stm32h7xx_it.o
                0x08003b8c                FDCAN1_IT1_IRQHandler
 .text.TIM6_DAC_IRQHandler
                0x08003ba0       0x14 ./Core/Src/stm32h7xx_it.o
                0x08003ba0                TIM6_DAC_IRQHandler
 .text.MDMA_IRQHandler
                0x08003bb4       0x14 ./Core/Src/stm32h7xx_it.o
                0x08003bb4                MDMA_IRQHandler
 .text.EXTI0_IRQHandler
                0x08003bc8        0xe ./Core/Src/stm32h7xx_it.o
                0x08003bc8                EXTI0_IRQHandler
 .text.EXTI15_10_IRQHandler
                0x08003bd6       0x14 ./Core/Src/stm32h7xx_it.o
                0x08003bd6                EXTI15_10_IRQHandler
 *fill*         0x08003bea        0x2 
 .text.SystemInit
                0x08003bec      0x140 ./Core/Src/system_stm32h7xx.o
                0x08003bec                SystemInit
 .text.ExitRun0Mode
                0x08003d2c       0x18 ./Core/Src/system_stm32h7xx.o
                0x08003d2c                ExitRun0Mode
 .text.MX_TIM1_Init
                0x08003d44      0x120 ./Core/Src/tim.o
                0x08003d44                MX_TIM1_Init
 .text.HAL_TIM_PWM_MspInit
                0x08003e64       0x44 ./Core/Src/tim.o
                0x08003e64                HAL_TIM_PWM_MspInit
 .text.HAL_TIM_MspPostInit
                0x08003ea8       0x78 ./Core/Src/tim.o
                0x08003ea8                HAL_TIM_MspPostInit
 .text.clamp    0x08003f20       0x52 ./Core/Src/vel_profile.o
 .text.fabsf_local
                0x08003f72       0x34 ./Core/Src/vel_profile.o
 .text.vel_profile_init
                0x08003fa6       0x4c ./Core/Src/vel_profile.o
                0x08003fa6                vel_profile_init
 .text.vel_profile_reset
                0x08003ff2       0x24 ./Core/Src/vel_profile.o
                0x08003ff2                vel_profile_reset
 *fill*         0x08004016        0x2 
 .text.trapezoid_step
                0x08004018       0xf4 ./Core/Src/vel_profile.o
 .text.scurve_step
                0x0800410c      0x19c ./Core/Src/vel_profile.o
 .text.vel_profile_step
                0x080042a8       0x8a ./Core/Src/vel_profile.o
                0x080042a8                vel_profile_step
 *fill*         0x08004332        0x2 
 .text.weapon_init
                0x08004334       0x30 ./Core/Src/weapon_control.o
                0x08004334                weapon_init
 .text.weapon_laser_set
                0x08004364       0x38 ./Core/Src/weapon_control.o
                0x08004364                weapon_laser_set
 .text.weapon_fire_trigger_isr
                0x0800439c       0x44 ./Core/Src/weapon_control.o
                0x0800439c                weapon_fire_trigger_isr
 .text.weapon_task_check
                0x080043e0       0x40 ./Core/Src/weapon_control.o
                0x080043e0                weapon_task_check
 .text.Reset_Handler
                0x08004420       0x54 ./Core/Startup/startup_stm32h750vbtx.o
                0x08004420                Reset_Handler
 .text.Default_Handler
                0x08004474        0x2 ./Core/Startup/startup_stm32h750vbtx.o
                0x08004474                RTC_Alarm_IRQHandler
                0x08004474                HASH_RNG_IRQHandler
                0x08004474                EXTI2_IRQHandler
                0x08004474                TIM8_CC_IRQHandler
                0x08004474                HRTIM1_Master_IRQHandler
                0x08004474                UART8_IRQHandler
                0x08004474                SPI4_IRQHandler
                0x08004474                TIM1_CC_IRQHandler
                0x08004474                BDMA_Channel6_IRQHandler
                0x08004474                DMA2_Stream5_IRQHandler
                0x08004474                HRTIM1_FLT_IRQHandler
                0x08004474                JPEG_IRQHandler
                0x08004474                DMA1_Stream5_IRQHandler
                0x08004474                BDMA_Channel1_IRQHandler
                0x08004474                HRTIM1_TIMD_IRQHandler
                0x08004474                TAMP_STAMP_IRQHandler
                0x08004474                EXTI3_IRQHandler
                0x08004474                LPTIM4_IRQHandler
                0x08004474                TIM8_TRG_COM_TIM14_IRQHandler
                0x08004474                LPTIM2_IRQHandler
                0x08004474                DFSDM1_FLT1_IRQHandler
                0x08004474                DMAMUX2_OVR_IRQHandler
                0x08004474                TIM8_UP_TIM13_IRQHandler
                0x08004474                I2C3_ER_IRQHandler
                0x08004474                DFSDM1_FLT2_IRQHandler
                0x08004474                LPTIM3_IRQHandler
                0x08004474                HSEM1_IRQHandler
                0x08004474                I2C2_EV_IRQHandler
                0x08004474                DMA1_Stream2_IRQHandler
                0x08004474                FPU_IRQHandler
                0x08004474                OTG_HS_WKUP_IRQHandler
                0x08004474                LTDC_ER_IRQHandler
                0x08004474                DMA2_Stream2_IRQHandler
                0x08004474                HRTIM1_TIME_IRQHandler
                0x08004474                SPI1_IRQHandler
                0x08004474                DCMI_IRQHandler
                0x08004474                HRTIM1_TIMC_IRQHandler
                0x08004474                DMA2_Stream3_IRQHandler
                0x08004474                SAI2_IRQHandler
                0x08004474                DFSDM1_FLT3_IRQHandler
                0x08004474                USART6_IRQHandler
                0x08004474                TIM17_IRQHandler
                0x08004474                USART3_IRQHandler
                0x08004474                BDMA_Channel7_IRQHandler
                0x08004474                CRYP_IRQHandler
                0x08004474                LPTIM5_IRQHandler
                0x08004474                UART5_IRQHandler
                0x08004474                ADC3_IRQHandler
                0x08004474                DMA2_Stream0_IRQHandler
                0x08004474                TIM4_IRQHandler
                0x08004474                BDMA_Channel2_IRQHandler
                0x08004474                QUADSPI_IRQHandler
                0x08004474                I2C1_EV_IRQHandler
                0x08004474                DMA1_Stream6_IRQHandler
                0x08004474                DMAMUX1_OVR_IRQHandler
                0x08004474                DMA1_Stream1_IRQHandler
                0x08004474                TIM16_IRQHandler
                0x08004474                UART4_IRQHandler
                0x08004474                BDMA_Channel5_IRQHandler
                0x08004474                TIM3_IRQHandler
                0x08004474                RCC_IRQHandler
                0x08004474                TIM8_BRK_TIM12_IRQHandler
                0x08004474                TIM1_TRG_COM_IRQHandler
                0x08004474                Default_Handler
                0x08004474                ECC_IRQHandler
                0x08004474                CEC_IRQHandler
                0x08004474                BDMA_Channel0_IRQHandler
                0x08004474                ADC_IRQHandler
                0x08004474                DMA1_Stream7_IRQHandler
                0x08004474                HRTIM1_TIMA_IRQHandler
                0x08004474                SPI5_IRQHandler
                0x08004474                TIM7_IRQHandler
                0x08004474                SDMMC1_IRQHandler
                0x08004474                TIM5_IRQHandler
                0x08004474                DMA2_Stream7_IRQHandler
                0x08004474                TIM15_IRQHandler
                0x08004474                PVD_AVD_IRQHandler
                0x08004474                I2C3_EV_IRQHandler
                0x08004474                EXTI9_5_IRQHandler
                0x08004474                RTC_WKUP_IRQHandler
                0x08004474                LTDC_IRQHandler
                0x08004474                SAI3_IRQHandler
                0x08004474                ETH_WKUP_IRQHandler
                0x08004474                SPDIF_RX_IRQHandler
                0x08004474                SPI2_IRQHandler
                0x08004474                OTG_HS_EP1_IN_IRQHandler
                0x08004474                DMA1_Stream0_IRQHandler
                0x08004474                CRS_IRQHandler
                0x08004474                EXTI4_IRQHandler
                0x08004474                HRTIM1_TIMB_IRQHandler
                0x08004474                FDCAN2_IT1_IRQHandler
                0x08004474                ETH_IRQHandler
                0x08004474                TIM1_UP_IRQHandler
                0x08004474                BDMA_Channel4_IRQHandler
                0x08004474                OTG_HS_EP1_OUT_IRQHandler
                0x08004474                WWDG_IRQHandler
                0x08004474                SPI6_IRQHandler
                0x08004474                MDIOS_IRQHandler
                0x08004474                I2C4_EV_IRQHandler
                0x08004474                FDCAN2_IT0_IRQHandler
                0x08004474                LPUART1_IRQHandler
                0x08004474                TIM2_IRQHandler
                0x08004474                OTG_FS_WKUP_IRQHandler
                0x08004474                OTG_HS_IRQHandler
                0x08004474                DMA2D_IRQHandler
                0x08004474                TIM1_BRK_IRQHandler
                0x08004474                EXTI1_IRQHandler
                0x08004474                SDMMC2_IRQHandler
                0x08004474                OTG_FS_EP1_OUT_IRQHandler
                0x08004474                BDMA_Channel3_IRQHandler
                0x08004474                UART7_IRQHandler
                0x08004474                MDIOS_WKUP_IRQHandler
                0x08004474                USART2_IRQHandler
                0x08004474                DFSDM1_FLT0_IRQHandler
                0x08004474                SAI4_IRQHandler
                0x08004474                I2C2_ER_IRQHandler
                0x08004474                DMA2_Stream1_IRQHandler
                0x08004474                FLASH_IRQHandler
                0x08004474                DMA2_Stream4_IRQHandler
                0x08004474                USART1_IRQHandler
                0x08004474                OTG_FS_IRQHandler
                0x08004474                SPI3_IRQHandler
                0x08004474                WAKEUP_PIN_IRQHandler
                0x08004474                DMA1_Stream4_IRQHandler
                0x08004474                OTG_FS_EP1_IN_IRQHandler
                0x08004474                I2C1_ER_IRQHandler
                0x08004474                FMC_IRQHandler
                0x08004474                FDCAN_CAL_IRQHandler
                0x08004474                SWPMI1_IRQHandler
                0x08004474                COMP1_IRQHandler
                0x08004474                LPTIM1_IRQHandler
                0x08004474                I2C4_ER_IRQHandler
                0x08004474                DMA2_Stream6_IRQHandler
                0x08004474                SAI1_IRQHandler
                0x08004474                DMA1_Stream3_IRQHandler
 *fill*         0x08004476        0x2 
 .text.HAL_Init
                0x08004478       0x78 ./Drivers/STM32H7xx_HAL_Driver/Src/stm32h7xx_hal.o
                0x08004478                HAL_Init
 .text.HAL_IncTick
                0x080044f0       0x28 ./Drivers/STM32H7xx_HAL_Driver/Src/stm32h7xx_hal.o
                0x080044f0                HAL_IncTick
 .text.HAL_GetTick
                0x08004518       0x18 ./Drivers/STM32H7xx_HAL_Driver/Src/stm32h7xx_hal.o
                0x08004518                HAL_GetTick
 .text.HAL_GetREVID
                0x08004530       0x18 ./Drivers/STM32H7xx_HAL_Driver/Src/stm32h7xx_hal.o
                0x08004530                HAL_GetREVID
 .text.__NVIC_SetPriorityGrouping
                0x08004548       0x48 ./Drivers/STM32H7xx_HAL_Driver/Src/stm32h7xx_hal_cortex.o
 .text.__NVIC_GetPriorityGrouping
                0x08004590       0x1c ./Drivers/STM32H7xx_HAL_Driver/Src/stm32h7xx_hal_cortex.o
 .text.__NVIC_EnableIRQ
                0x080045ac       0x3c ./Drivers/STM32H7xx_HAL_Driver/Src/stm32h7xx_hal_cortex.o
 .text.__NVIC_SetPriority
                0x080045e8       0x54 ./Drivers/STM32H7xx_HAL_Driver/Src/stm32h7xx_hal_cortex.o
 .text.NVIC_EncodePriority
                0x0800463c       0x66 ./Drivers/STM32H7xx_HAL_Driver/Src/stm32h7xx_hal_cortex.o
 .text.HAL_NVIC_SetPriorityGrouping
                0x080046a2       0x16 ./Drivers/STM32H7xx_HAL_Driver/Src/stm32h7xx_hal_cortex.o
                0x080046a2                HAL_NVIC_SetPriorityGrouping
 .text.HAL_NVIC_SetPriority
                0x080046b8       0x34 ./Drivers/STM32H7xx_HAL_Driver/Src/stm32h7xx_hal_cortex.o
                0x080046b8                HAL_NVIC_SetPriority
 .text.HAL_NVIC_EnableIRQ
                0x080046ec       0x1c ./Drivers/STM32H7xx_HAL_Driver/Src/stm32h7xx_hal_cortex.o
                0x080046ec                HAL_NVIC_EnableIRQ
 .text.HAL_MPU_Disable
                0x08004708       0x30 ./Drivers/STM32H7xx_HAL_Driver/Src/stm32h7xx_hal_cortex.o
                0x08004708                HAL_MPU_Disable
 .text.HAL_MPU_Enable
                0x08004738       0x40 ./Drivers/STM32H7xx_HAL_Driver/Src/stm32h7xx_hal_cortex.o
                0x08004738                HAL_MPU_Enable
 .text.HAL_MPU_ConfigRegion
                0x08004778       0x80 ./Drivers/STM32H7xx_HAL_Driver/Src/stm32h7xx_hal_cortex.o
                0x08004778                HAL_MPU_ConfigRegion
 .text.HAL_FDCAN_Init
                0x080047f8      0x3bc ./Drivers/STM32H7xx_HAL_Driver/Src/stm32h7xx_hal_fdcan.o
                0x080047f8                HAL_FDCAN_Init
 .text.HAL_FDCAN_ConfigFilter
                0x08004bb4       0xec ./Drivers/STM32H7xx_HAL_Driver/Src/stm32h7xx_hal_fdcan.o
                0x08004bb4                HAL_FDCAN_ConfigFilter
 .text.HAL_FDCAN_Start
                0x08004ca0       0x56 ./Drivers/STM32H7xx_HAL_Driver/Src/stm32h7xx_hal_fdcan.o
                0x08004ca0                HAL_FDCAN_Start
 .text.HAL_FDCAN_AddMessageToTxFifoQ
                0x08004cf6       0xb6 ./Drivers/STM32H7xx_HAL_Driver/Src/stm32h7xx_hal_fdcan.o
                0x08004cf6                HAL_FDCAN_AddMessageToTxFifoQ
 .text.HAL_FDCAN_GetRxFifoFillLevel
                0x08004dac       0x3c ./Drivers/STM32H7xx_HAL_Driver/Src/stm32h7xx_hal_fdcan.o
                0x08004dac                HAL_FDCAN_GetRxFifoFillLevel
 .text.HAL_FDCAN_ActivateNotification
                0x08004de8       0xf4 ./Drivers/STM32H7xx_HAL_Driver/Src/stm32h7xx_hal_fdcan.o
                0x08004de8                HAL_FDCAN_ActivateNotification
 .text.HAL_FDCAN_IRQHandler
                0x08004edc      0x4bc ./Drivers/STM32H7xx_HAL_Driver/Src/stm32h7xx_hal_fdcan.o
                0x08004edc                HAL_FDCAN_IRQHandler
 .text.HAL_FDCAN_ClockCalibrationCallback
                0x08005398       0x16 ./Drivers/STM32H7xx_HAL_Driver/Src/stm32h7xx_hal_fdcan.o
                0x08005398                HAL_FDCAN_ClockCalibrationCallback
 .text.HAL_FDCAN_TxEventFifoCallback
                0x080053ae       0x16 ./Drivers/STM32H7xx_HAL_Driver/Src/stm32h7xx_hal_fdcan.o
                0x080053ae                HAL_FDCAN_TxEventFifoCallback
 .text.HAL_FDCAN_RxFifo1Callback
                0x080053c4       0x16 ./Drivers/STM32H7xx_HAL_Driver/Src/stm32h7xx_hal_fdcan.o
                0x080053c4                HAL_FDCAN_RxFifo1Callback
 .text.HAL_FDCAN_TxFifoEmptyCallback
                0x080053da       0x14 ./Drivers/STM32H7xx_HAL_Driver/Src/stm32h7xx_hal_fdcan.o
                0x080053da                HAL_FDCAN_TxFifoEmptyCallback
 .text.HAL_FDCAN_TxBufferCompleteCallback
                0x080053ee       0x16 ./Drivers/STM32H7xx_HAL_Driver/Src/stm32h7xx_hal_fdcan.o
                0x080053ee                HAL_FDCAN_TxBufferCompleteCallback
 .text.HAL_FDCAN_TxBufferAbortCallback
                0x08005404       0x16 ./Drivers/STM32H7xx_HAL_Driver/Src/stm32h7xx_hal_fdcan.o
                0x08005404                HAL_FDCAN_TxBufferAbortCallback
 .text.HAL_FDCAN_RxBufferNewMessageCallback
                0x0800541a       0x14 ./Drivers/STM32H7xx_HAL_Driver/Src/stm32h7xx_hal_fdcan.o
                0x0800541a                HAL_FDCAN_RxBufferNewMessageCallback
 .text.HAL_FDCAN_TimestampWraparoundCallback
                0x0800542e       0x14 ./Drivers/STM32H7xx_HAL_Driver/Src/stm32h7xx_hal_fdcan.o
                0x0800542e                HAL_FDCAN_TimestampWraparoundCallback
 .text.HAL_FDCAN_TimeoutOccurredCallback
                0x08005442       0x14 ./Drivers/STM32H7xx_HAL_Driver/Src/stm32h7xx_hal_fdcan.o
                0x08005442                HAL_FDCAN_TimeoutOccurredCallback
 .text.HAL_FDCAN_HighPriorityMessageCallback
                0x08005456       0x14 ./Drivers/STM32H7xx_HAL_Driver/Src/stm32h7xx_hal_fdcan.o
                0x08005456                HAL_FDCAN_HighPriorityMessageCallback
 .text.HAL_FDCAN_ErrorCallback
                0x0800546a       0x14 ./Drivers/STM32H7xx_HAL_Driver/Src/stm32h7xx_hal_fdcan.o
                0x0800546a                HAL_FDCAN_ErrorCallback
 .text.HAL_FDCAN_ErrorStatusCallback
                0x0800547e       0x16 ./Drivers/STM32H7xx_HAL_Driver/Src/stm32h7xx_hal_fdcan.o
                0x0800547e                HAL_FDCAN_ErrorStatusCallback
 .text.HAL_FDCAN_TT_ScheduleSyncCallback
                0x08005494       0x16 ./Drivers/STM32H7xx_HAL_Driver/Src/stm32h7xx_hal_fdcan.o
                0x08005494                HAL_FDCAN_TT_ScheduleSyncCallback
 .text.HAL_FDCAN_TT_TimeMarkCallback
                0x080054aa       0x16 ./Drivers/STM32H7xx_HAL_Driver/Src/stm32h7xx_hal_fdcan.o
                0x080054aa                HAL_FDCAN_TT_TimeMarkCallback
 .text.HAL_FDCAN_TT_StopWatchCallback
                0x080054c0       0x18 ./Drivers/STM32H7xx_HAL_Driver/Src/stm32h7xx_hal_fdcan.o
                0x080054c0                HAL_FDCAN_TT_StopWatchCallback
 .text.HAL_FDCAN_TT_GlobalTimeCallback
                0x080054d8       0x16 ./Drivers/STM32H7xx_HAL_Driver/Src/stm32h7xx_hal_fdcan.o
                0x080054d8                HAL_FDCAN_TT_GlobalTimeCallback
 *fill*         0x080054ee        0x2 
 .text.FDCAN_CalculateRamBlockAddresses
                0x080054f0      0x30c ./Drivers/STM32H7xx_HAL_Driver/Src/stm32h7xx_hal_fdcan.o
 .text.FDCAN_CopyMessageToRAM
                0x080057fc       0xfc ./Drivers/STM32H7xx_HAL_Driver/Src/stm32h7xx_hal_fdcan.o
 .text.HAL_GPIO_Init
                0x080058f8      0x374 ./Drivers/STM32H7xx_HAL_Driver/Src/stm32h7xx_hal_gpio.o
                0x080058f8                HAL_GPIO_Init
 .text.HAL_GPIO_ReadPin
                0x08005c6c       0x30 ./Drivers/STM32H7xx_HAL_Driver/Src/stm32h7xx_hal_gpio.o
                0x08005c6c                HAL_GPIO_ReadPin
 .text.HAL_GPIO_WritePin
                0x08005c9c       0x32 ./Drivers/STM32H7xx_HAL_Driver/Src/stm32h7xx_hal_gpio.o
                0x08005c9c                HAL_GPIO_WritePin
 .text.HAL_GPIO_EXTI_IRQHandler
                0x08005cce       0x34 ./Drivers/STM32H7xx_HAL_Driver/Src/stm32h7xx_hal_gpio.o
                0x08005cce                HAL_GPIO_EXTI_IRQHandler
 .text.HAL_IWDG_Init
                0x08005d02       0xa2 ./Drivers/STM32H7xx_HAL_Driver/Src/stm32h7xx_hal_iwdg.o
                0x08005d02                HAL_IWDG_Init
 .text.HAL_IWDG_Refresh
                0x08005da4       0x20 ./Drivers/STM32H7xx_HAL_Driver/Src/stm32h7xx_hal_iwdg.o
                0x08005da4                HAL_IWDG_Refresh
 .text.HAL_MDMA_Init
                0x08005dc4       0x98 ./Drivers/STM32H7xx_HAL_Driver/Src/stm32h7xx_hal_mdma.o
                0x08005dc4                HAL_MDMA_Init
 .text.HAL_MDMA_Start_IT
                0x08005e5c      0x102 ./Drivers/STM32H7xx_HAL_Driver/Src/stm32h7xx_hal_mdma.o
                0x08005e5c                HAL_MDMA_Start_IT
 *fill*         0x08005f5e        0x2 
 .text.HAL_MDMA_IRQHandler
                0x08005f60      0x2a8 ./Drivers/STM32H7xx_HAL_Driver/Src/stm32h7xx_hal_mdma.o
                0x08005f60                HAL_MDMA_IRQHandler
 .text.MDMA_SetConfig
                0x08006208       0xe0 ./Drivers/STM32H7xx_HAL_Driver/Src/stm32h7xx_hal_mdma.o
 .text.MDMA_Init
                0x080062e8      0x130 ./Drivers/STM32H7xx_HAL_Driver/Src/stm32h7xx_hal_mdma.o
 .text.HAL_PWR_EnableBkUpAccess
                0x08006418       0x20 ./Drivers/STM32H7xx_HAL_Driver/Src/stm32h7xx_hal_pwr.o
                0x08006418                HAL_PWR_EnableBkUpAccess
 .text.HAL_PWREx_ConfigSupply
                0x08006438       0x74 ./Drivers/STM32H7xx_HAL_Driver/Src/stm32h7xx_hal_pwr_ex.o
                0x08006438                HAL_PWREx_ConfigSupply
 .text.HAL_RCC_OscConfig
                0x080064ac      0x8b4 ./Drivers/STM32H7xx_HAL_Driver/Src/stm32h7xx_hal_rcc.o
                0x080064ac                HAL_RCC_OscConfig
 .text.HAL_RCC_ClockConfig
                0x08006d60      0x36c ./Drivers/STM32H7xx_HAL_Driver/Src/stm32h7xx_hal_rcc.o
                0x08006d60                HAL_RCC_ClockConfig
 .text.HAL_RCC_GetSysClockFreq
                0x080070cc      0x2f4 ./Drivers/STM32H7xx_HAL_Driver/Src/stm32h7xx_hal_rcc.o
                0x080070cc                HAL_RCC_GetSysClockFreq
 .text.HAL_RCC_GetHCLKFreq
                0x080073c0       0x60 ./Drivers/STM32H7xx_HAL_Driver/Src/stm32h7xx_hal_rcc.o
                0x080073c0                HAL_RCC_GetHCLKFreq
 .text.HAL_RCC_GetPCLK1Freq
                0x08007420       0x2c ./Drivers/STM32H7xx_HAL_Driver/Src/stm32h7xx_hal_rcc.o
                0x08007420                HAL_RCC_GetPCLK1Freq
 .text.HAL_RCC_GetClockConfig
                0x0800744c       0x84 ./Drivers/STM32H7xx_HAL_Driver/Src/stm32h7xx_hal_rcc.o
                0x0800744c                HAL_RCC_GetClockConfig
 .text.HAL_RCCEx_PeriphCLKConfig
                0x080074d0     0x1414 ./Drivers/STM32H7xx_HAL_Driver/Src/stm32h7xx_hal_rcc_ex.o
                0x080074d0                HAL_RCCEx_PeriphCLKConfig
 .text.RCCEx_PLL2_Config
                0x080088e4      0x164 ./Drivers/STM32H7xx_HAL_Driver/Src/stm32h7xx_hal_rcc_ex.o
 .text.RCCEx_PLL3_Config
                0x08008a48      0x164 ./Drivers/STM32H7xx_HAL_Driver/Src/stm32h7xx_hal_rcc_ex.o
 .text.HAL_TIM_Base_Init
                0x08008bac       0xae ./Drivers/STM32H7xx_HAL_Driver/Src/stm32h7xx_hal_tim.o
                0x08008bac                HAL_TIM_Base_Init
 .text.HAL_TIM_Base_MspInit
                0x08008c5a       0x14 ./Drivers/STM32H7xx_HAL_Driver/Src/stm32h7xx_hal_tim.o
                0x08008c5a                HAL_TIM_Base_MspInit
 *fill*         0x08008c6e        0x2 
 .text.HAL_TIM_Base_Start_IT
                0x08008c70       0xf0 ./Drivers/STM32H7xx_HAL_Driver/Src/stm32h7xx_hal_tim.o
                0x08008c70                HAL_TIM_Base_Start_IT
 .text.HAL_TIM_PWM_Init
                0x08008d60       0xae ./Drivers/STM32H7xx_HAL_Driver/Src/stm32h7xx_hal_tim.o
                0x08008d60                HAL_TIM_PWM_Init
 *fill*         0x08008e0e        0x2 
 .text.HAL_TIM_PWM_Start
                0x08008e10      0x21c ./Drivers/STM32H7xx_HAL_Driver/Src/stm32h7xx_hal_tim.o
                0x08008e10                HAL_TIM_PWM_Start
 .text.HAL_TIM_IRQHandler
                0x0800902c      0x20e ./Drivers/STM32H7xx_HAL_Driver/Src/stm32h7xx_hal_tim.o
                0x0800902c                HAL_TIM_IRQHandler
 *fill*         0x0800923a        0x2 
 .text.HAL_TIM_PWM_ConfigChannel
                0x0800923c      0x228 ./Drivers/STM32H7xx_HAL_Driver/Src/stm32h7xx_hal_tim.o
                0x0800923c                HAL_TIM_PWM_ConfigChannel
 .text.HAL_TIM_OC_DelayElapsedCallback
                0x08009464       0x14 ./Drivers/STM32H7xx_HAL_Driver/Src/stm32h7xx_hal_tim.o
                0x08009464                HAL_TIM_OC_DelayElapsedCallback
 .text.HAL_TIM_IC_CaptureCallback
                0x08009478       0x14 ./Drivers/STM32H7xx_HAL_Driver/Src/stm32h7xx_hal_tim.o
                0x08009478                HAL_TIM_IC_CaptureCallback
 .text.HAL_TIM_PWM_PulseFinishedCallback
                0x0800948c       0x14 ./Drivers/STM32H7xx_HAL_Driver/Src/stm32h7xx_hal_tim.o
                0x0800948c                HAL_TIM_PWM_PulseFinishedCallback
 .text.HAL_TIM_TriggerCallback
                0x080094a0       0x14 ./Drivers/STM32H7xx_HAL_Driver/Src/stm32h7xx_hal_tim.o
                0x080094a0                HAL_TIM_TriggerCallback
 .text.TIM_Base_SetConfig
                0x080094b4      0x140 ./Drivers/STM32H7xx_HAL_Driver/Src/stm32h7xx_hal_tim.o
                0x080094b4                TIM_Base_SetConfig
 .text.TIM_OC1_SetConfig
                0x080095f4      0x124 ./Drivers/STM32H7xx_HAL_Driver/Src/stm32h7xx_hal_tim.o
 .text.TIM_OC2_SetConfig
                0x08009718      0x118 ./Drivers/STM32H7xx_HAL_Driver/Src/stm32h7xx_hal_tim.o
                0x08009718                TIM_OC2_SetConfig
 .text.TIM_OC3_SetConfig
                0x08009830      0x114 ./Drivers/STM32H7xx_HAL_Driver/Src/stm32h7xx_hal_tim.o
 .text.TIM_OC4_SetConfig
                0x08009944       0xd4 ./Drivers/STM32H7xx_HAL_Driver/Src/stm32h7xx_hal_tim.o
 .text.TIM_OC5_SetConfig
                0x08009a18       0xc8 ./Drivers/STM32H7xx_HAL_Driver/Src/stm32h7xx_hal_tim.o
 .text.TIM_OC6_SetConfig
                0x08009ae0       0xcc ./Drivers/STM32H7xx_HAL_Driver/Src/stm32h7xx_hal_tim.o
 .text.TIM_CCxChannelCmd
                0x08009bac       0x4a ./Drivers/STM32H7xx_HAL_Driver/Src/stm32h7xx_hal_tim.o
                0x08009bac                TIM_CCxChannelCmd
 *fill*         0x08009bf6        0x2 
 .text.HAL_TIMEx_MasterConfigSynchronization
                0x08009bf8      0x11c ./Drivers/STM32H7xx_HAL_Driver/Src/stm32h7xx_hal_tim_ex.o
                0x08009bf8                HAL_TIMEx_MasterConfigSynchronization
 .text.HAL_TIMEx_ConfigBreakDeadTime
                0x08009d14       0xfc ./Drivers/STM32H7xx_HAL_Driver/Src/stm32h7xx_hal_tim_ex.o
                0x08009d14                HAL_TIMEx_ConfigBreakDeadTime
 .text.HAL_TIMEx_CommutCallback
                0x08009e10       0x14 ./Drivers/STM32H7xx_HAL_Driver/Src/stm32h7xx_hal_tim_ex.o
                0x08009e10                HAL_TIMEx_CommutCallback
 .text.HAL_TIMEx_BreakCallback
                0x08009e24       0x14 ./Drivers/STM32H7xx_HAL_Driver/Src/stm32h7xx_hal_tim_ex.o
                0x08009e24                HAL_TIMEx_BreakCallback
 .text.HAL_TIMEx_Break2Callback
                0x08009e38       0x14 ./Drivers/STM32H7xx_HAL_Driver/Src/stm32h7xx_hal_tim_ex.o
                0x08009e38                HAL_TIMEx_Break2Callback
 .text.__NVIC_SetPriority
                0x08009e4c       0x54 ./Middlewares/Third_Party/FreeRTOS/Source/CMSIS_RTOS_V2/cmsis_os2.o
 .text.SysTick_Handler
                0x08009ea0       0x20 ./Middlewares/Third_Party/FreeRTOS/Source/CMSIS_RTOS_V2/cmsis_os2.o
                0x08009ea0                SysTick_Handler
 .text.SVC_Setup
                0x08009ec0       0x12 ./Middlewares/Third_Party/FreeRTOS/Source/CMSIS_RTOS_V2/cmsis_os2.o
 .text.IRQ_Context
                0x08009ed2       0x4e ./Middlewares/Third_Party/FreeRTOS/Source/CMSIS_RTOS_V2/cmsis_os2.o
 .text.osKernelInitialize
                0x08009f20       0x4c ./Middlewares/Third_Party/FreeRTOS/Source/CMSIS_RTOS_V2/cmsis_os2.o
                0x08009f20                osKernelInitialize
 .text.osKernelStart
                0x08009f6c       0x54 ./Middlewares/Third_Party/FreeRTOS/Source/CMSIS_RTOS_V2/cmsis_os2.o
                0x08009f6c                osKernelStart
 .text.osThreadNew
                0x08009fc0      0x122 ./Middlewares/Third_Party/FreeRTOS/Source/CMSIS_RTOS_V2/cmsis_os2.o
                0x08009fc0                osThreadNew
 .text.osDelay  0x0800a0e2       0x34 ./Middlewares/Third_Party/FreeRTOS/Source/CMSIS_RTOS_V2/cmsis_os2.o
                0x0800a0e2                osDelay
 .text.osMutexNew
                0x0800a116      0x10a ./Middlewares/Third_Party/FreeRTOS/Source/CMSIS_RTOS_V2/cmsis_os2.o
                0x0800a116                osMutexNew
 .text.osMutexAcquire
                0x0800a220       0x94 ./Middlewares/Third_Party/FreeRTOS/Source/CMSIS_RTOS_V2/cmsis_os2.o
                0x0800a220                osMutexAcquire
 .text.osMutexRelease
                0x0800a2b4       0x78 ./Middlewares/Third_Party/FreeRTOS/Source/CMSIS_RTOS_V2/cmsis_os2.o
                0x0800a2b4                osMutexRelease
 .text.vApplicationGetIdleTaskMemory
                0x0800a32c       0x34 ./Middlewares/Third_Party/FreeRTOS/Source/CMSIS_RTOS_V2/cmsis_os2.o
                0x0800a32c                vApplicationGetIdleTaskMemory
 .text.vApplicationGetTimerTaskMemory
                0x0800a360       0x34 ./Middlewares/Third_Party/FreeRTOS/Source/CMSIS_RTOS_V2/cmsis_os2.o
                0x0800a360                vApplicationGetTimerTaskMemory
 .text.vListInitialise
                0x0800a394       0x40 ./Middlewares/Third_Party/FreeRTOS/Source/list.o
                0x0800a394                vListInitialise
 .text.vListInitialiseItem
                0x0800a3d4       0x1a ./Middlewares/Third_Party/FreeRTOS/Source/list.o
                0x0800a3d4                vListInitialiseItem
 .text.vListInsert
                0x0800a3ee       0x72 ./Middlewares/Third_Party/FreeRTOS/Source/list.o
                0x0800a3ee                vListInsert
 .text.uxListRemove
                0x0800a460       0x54 ./Middlewares/Third_Party/FreeRTOS/Source/list.o
                0x0800a460                uxListRemove
 .text.xQueueGenericReset
                0x0800a4b4      0x124 ./Middlewares/Third_Party/FreeRTOS/Source/queue.o
                0x0800a4b4                xQueueGenericReset
 .text.xQueueGenericCreateStatic
                0x0800a5d8       0xc2 ./Middlewares/Third_Party/FreeRTOS/Source/queue.o
                0x0800a5d8                xQueueGenericCreateStatic
 .text.xQueueGenericCreate
                0x0800a69a       0xa6 ./Middlewares/Third_Party/FreeRTOS/Source/queue.o
                0x0800a69a                xQueueGenericCreate
 .text.prvInitialiseNewQueue
                0x0800a740       0x46 ./Middlewares/Third_Party/FreeRTOS/Source/queue.o
 .text.prvInitialiseMutex
                0x0800a786       0x34 ./Middlewares/Third_Party/FreeRTOS/Source/queue.o
 .text.xQueueCreateMutex
                0x0800a7ba       0x30 ./Middlewares/Third_Party/FreeRTOS/Source/queue.o
                0x0800a7ba                xQueueCreateMutex
 .text.xQueueCreateMutexStatic
                0x0800a7ea       0x36 ./Middlewares/Third_Party/FreeRTOS/Source/queue.o
                0x0800a7ea                xQueueCreateMutexStatic
 .text.xQueueGiveMutexRecursive
                0x0800a820       0x6a ./Middlewares/Third_Party/FreeRTOS/Source/queue.o
                0x0800a820                xQueueGiveMutexRecursive
 .text.xQueueTakeMutexRecursive
                0x0800a88a       0x6e ./Middlewares/Third_Party/FreeRTOS/Source/queue.o
                0x0800a88a                xQueueTakeMutexRecursive
 .text.xQueueGenericSend
                0x0800a8f8      0x204 ./Middlewares/Third_Party/FreeRTOS/Source/queue.o
                0x0800a8f8                xQueueGenericSend
 .text.xQueueReceive
                0x0800aafc      0x1c4 ./Middlewares/Third_Party/FreeRTOS/Source/queue.o
                0x0800aafc                xQueueReceive
 .text.xQueueSemaphoreTake
                0x0800acc0      0x200 ./Middlewares/Third_Party/FreeRTOS/Source/queue.o
                0x0800acc0                xQueueSemaphoreTake
 .text.prvGetDisinheritPriorityAfterTimeout
                0x0800aec0       0x30 ./Middlewares/Third_Party/FreeRTOS/Source/queue.o
 .text.prvCopyDataToQueue
                0x0800aef0       0xd4 ./Middlewares/Third_Party/FreeRTOS/Source/queue.o
 .text.prvCopyDataFromQueue
                0x0800afc4       0x4c ./Middlewares/Third_Party/FreeRTOS/Source/queue.o
 .text.prvUnlockQueue
                0x0800b010       0xa4 ./Middlewares/Third_Party/FreeRTOS/Source/queue.o
 .text.prvIsQueueEmpty
                0x0800b0b4       0x2c ./Middlewares/Third_Party/FreeRTOS/Source/queue.o
 .text.prvIsQueueFull
                0x0800b0e0       0x30 ./Middlewares/Third_Party/FreeRTOS/Source/queue.o
 .text.vQueueAddToRegistry
                0x0800b110       0xa0 ./Middlewares/Third_Party/FreeRTOS/Source/queue.o
                0x0800b110                vQueueAddToRegistry
 .text.vQueueWaitForMessageRestricted
                0x0800b1b0       0x68 ./Middlewares/Third_Party/FreeRTOS/Source/queue.o
                0x0800b1b0                vQueueWaitForMessageRestricted
 .text.xTaskCreateStatic
                0x0800b218       0xca ./Middlewares/Third_Party/FreeRTOS/Source/tasks.o
                0x0800b218                xTaskCreateStatic
 .text.xTaskCreate
                0x0800b2e2       0x94 ./Middlewares/Third_Party/FreeRTOS/Source/tasks.o
                0x0800b2e2                xTaskCreate
 .text.prvInitialiseNewTask
                0x0800b376      0x120 ./Middlewares/Third_Party/FreeRTOS/Source/tasks.o
 *fill*         0x0800b496        0x2 
 .text.prvAddNewTaskToReadyList
                0x0800b498      0x130 ./Middlewares/Third_Party/FreeRTOS/Source/tasks.o
 .text.xTaskDelayUntil
                0x0800b5c8      0x104 ./Middlewares/Third_Party/FreeRTOS/Source/tasks.o
                0x0800b5c8                xTaskDelayUntil
 .text.vTaskDelay
                0x0800b6cc       0x6c ./Middlewares/Third_Party/FreeRTOS/Source/tasks.o
                0x0800b6cc                vTaskDelay
 .text.vTaskStartScheduler
                0x0800b738       0xd8 ./Middlewares/Third_Party/FreeRTOS/Source/tasks.o
                0x0800b738                vTaskStartScheduler
 .text.vTaskSuspendAll
                0x0800b810       0x1c ./Middlewares/Third_Party/FreeRTOS/Source/tasks.o
                0x0800b810                vTaskSuspendAll
 .text.xTaskResumeAll
                0x0800b82c      0x1fc ./Middlewares/Third_Party/FreeRTOS/Source/tasks.o
                0x0800b82c                xTaskResumeAll
 .text.xTaskGetTickCount
                0x0800ba28       0x20 ./Middlewares/Third_Party/FreeRTOS/Source/tasks.o
                0x0800ba28                xTaskGetTickCount
 .text.xTaskIncrementTick
                0x0800ba48      0x230 ./Middlewares/Third_Party/FreeRTOS/Source/tasks.o
                0x0800ba48                xTaskIncrementTick
 .text.vTaskSwitchContext
                0x0800bc78       0xbc ./Middlewares/Third_Party/FreeRTOS/Source/tasks.o
                0x0800bc78                vTaskSwitchContext
 .text.vTaskPlaceOnEventList
                0x0800bd34       0x4c ./Middlewares/Third_Party/FreeRTOS/Source/tasks.o
                0x0800bd34                vTaskPlaceOnEventList
 .text.vTaskPlaceOnEventListRestricted
                0x0800bd80       0x8c ./Middlewares/Third_Party/FreeRTOS/Source/tasks.o
                0x0800bd80                vTaskPlaceOnEventListRestricted
 .text.xTaskRemoveFromEventList
                0x0800be0c      0x1b0 ./Middlewares/Third_Party/FreeRTOS/Source/tasks.o
                0x0800be0c                xTaskRemoveFromEventList
 .text.vTaskInternalSetTimeOutState
                0x0800bfbc       0x2c ./Middlewares/Third_Party/FreeRTOS/Source/tasks.o
                0x0800bfbc                vTaskInternalSetTimeOutState
 .text.xTaskCheckForTimeOut
                0x0800bfe8       0xd0 ./Middlewares/Third_Party/FreeRTOS/Source/tasks.o
                0x0800bfe8                xTaskCheckForTimeOut
 .text.vTaskMissedYield
                0x0800c0b8       0x18 ./Middlewares/Third_Party/FreeRTOS/Source/tasks.o
                0x0800c0b8                vTaskMissedYield
 .text.prvIdleTask
                0x0800c0d0       0x30 ./Middlewares/Third_Party/FreeRTOS/Source/tasks.o
 .text.prvInitialiseTaskLists
                0x0800c100       0x80 ./Middlewares/Third_Party/FreeRTOS/Source/tasks.o
 .text.prvCheckTasksWaitingTermination
                0x0800c180       0x5c ./Middlewares/Third_Party/FreeRTOS/Source/tasks.o
 .text.prvDeleteTCB
                0x0800c1dc       0x60 ./Middlewares/Third_Party/FreeRTOS/Source/tasks.o
 .text.prvResetNextTaskUnblockTime
                0x0800c23c       0x38 ./Middlewares/Third_Party/FreeRTOS/Source/tasks.o
 .text.xTaskGetCurrentTaskHandle
                0x0800c274       0x20 ./Middlewares/Third_Party/FreeRTOS/Source/tasks.o
                0x0800c274                xTaskGetCurrentTaskHandle
 .text.xTaskGetSchedulerState
                0x0800c294       0x3c ./Middlewares/Third_Party/FreeRTOS/Source/tasks.o
                0x0800c294                xTaskGetSchedulerState
 .text.xTaskPriorityInherit
                0x0800c2d0      0x120 ./Middlewares/Third_Party/FreeRTOS/Source/tasks.o
                0x0800c2d0                xTaskPriorityInherit
 .text.xTaskPriorityDisinherit
                0x0800c3f0      0x130 ./Middlewares/Third_Party/FreeRTOS/Source/tasks.o
                0x0800c3f0                xTaskPriorityDisinherit
 .text.vTaskPriorityDisinheritAfterTimeout
                0x0800c520      0x158 ./Middlewares/Third_Party/FreeRTOS/Source/tasks.o
                0x0800c520                vTaskPriorityDisinheritAfterTimeout
 .text.pvTaskIncrementMutexHeldCount
                0x0800c678       0x28 ./Middlewares/Third_Party/FreeRTOS/Source/tasks.o
                0x0800c678                pvTaskIncrementMutexHeldCount
 .text.prvAddCurrentTaskToDelayedList
                0x0800c6a0       0xdc ./Middlewares/Third_Party/FreeRTOS/Source/tasks.o
 .text.xTimerCreateTimerTask
                0x0800c77c       0x94 ./Middlewares/Third_Party/FreeRTOS/Source/timers.o
                0x0800c77c                xTimerCreateTimerTask
 .text.prvReloadTimer
                0x0800c810       0x42 ./Middlewares/Third_Party/FreeRTOS/Source/timers.o
 *fill*         0x0800c852        0x2 
 .text.prvProcessExpiredTimer
                0x0800c854       0x60 ./Middlewares/Third_Party/FreeRTOS/Source/timers.o
 .text.prvTimerTask
                0x0800c8b4       0x26 ./Middlewares/Third_Party/FreeRTOS/Source/timers.o
 *fill*         0x0800c8da        0x2 
 .text.prvProcessTimerOrBlockTask
                0x0800c8dc       0x9c ./Middlewares/Third_Party/FreeRTOS/Source/timers.o
 .text.prvGetNextExpireTime
                0x0800c978       0x48 ./Middlewares/Third_Party/FreeRTOS/Source/timers.o
 .text.prvSampleTimeNow
                0x0800c9c0       0x40 ./Middlewares/Third_Party/FreeRTOS/Source/timers.o
 .text.prvInsertTimerInActiveList
                0x0800ca00       0x84 ./Middlewares/Third_Party/FreeRTOS/Source/timers.o
 .text.prvProcessReceivedCommands
                0x0800ca84      0x1bc ./Middlewares/Third_Party/FreeRTOS/Source/timers.o
 .text.prvSwitchTimerLists
                0x0800cc40       0x4c ./Middlewares/Third_Party/FreeRTOS/Source/timers.o
 .text.prvCheckForValidListAndQueue
                0x0800cc8c       0x80 ./Middlewares/Third_Party/FreeRTOS/Source/timers.o
 .text.pxPortInitialiseStack
                0x0800cd0c       0x68 ./Middlewares/Third_Party/FreeRTOS/Source/portable/GCC/ARM_CM4F/port.o
                0x0800cd0c                pxPortInitialiseStack
 .text.prvTaskExitError
                0x0800cd74       0x5c ./Middlewares/Third_Party/FreeRTOS/Source/portable/GCC/ARM_CM4F/port.o
 .text.SVC_Handler
                0x0800cdd0       0x28 ./Middlewares/Third_Party/FreeRTOS/Source/portable/GCC/ARM_CM4F/port.o
                0x0800cdd0                SVC_Handler
 .text.prvPortStartFirstTask
                0x0800cdf8       0x2c ./Middlewares/Third_Party/FreeRTOS/Source/portable/GCC/ARM_CM4F/port.o
 .text.xPortStartScheduler
                0x0800ce24      0x17c ./Middlewares/Third_Party/FreeRTOS/Source/portable/GCC/ARM_CM4F/port.o
                0x0800ce24                xPortStartScheduler
 .text.vPortEnterCritical
                0x0800cfa0       0x64 ./Middlewares/Third_Party/FreeRTOS/Source/portable/GCC/ARM_CM4F/port.o
                0x0800cfa0                vPortEnterCritical
 .text.vPortExitCritical
                0x0800d004       0x54 ./Middlewares/Third_Party/FreeRTOS/Source/portable/GCC/ARM_CM4F/port.o
                0x0800d004                vPortExitCritical
 *fill*         0x0800d058        0x8 
 .text.PendSV_Handler
                0x0800d060       0x68 ./Middlewares/Third_Party/FreeRTOS/Source/portable/GCC/ARM_CM4F/port.o
                0x0800d060                PendSV_Handler
 .text.xPortSysTickHandler
                0x0800d0c8       0x44 ./Middlewares/Third_Party/FreeRTOS/Source/portable/GCC/ARM_CM4F/port.o
                0x0800d0c8                xPortSysTickHandler
 .text.vPortSetupTimerInterrupt
                0x0800d10c       0x48 ./Middlewares/Third_Party/FreeRTOS/Source/portable/GCC/ARM_CM4F/port.o
                0x0800d10c                vPortSetupTimerInterrupt
 .text.vPortEnableVFP
                0x0800d154       0x18 ./Middlewares/Third_Party/FreeRTOS/Source/portable/GCC/ARM_CM4F/port.o
 .text.pvPortMalloc
                0x0800d16c      0x198 ./Middlewares/Third_Party/FreeRTOS/Source/portable/MemMang/heap_4.o
                0x0800d16c                pvPortMalloc
 .text.vPortFree
                0x0800d304       0xb4 ./Middlewares/Third_Party/FreeRTOS/Source/portable/MemMang/heap_4.o
                0x0800d304                vPortFree
 .text.prvHeapInit
                0x0800d3b8       0xb8 ./Middlewares/Third_Party/FreeRTOS/Source/portable/MemMang/heap_4.o
 .text.prvInsertBlockIntoFreeList
                0x0800d470       0xb4 ./Middlewares/Third_Party/FreeRTOS/Source/portable/MemMang/heap_4.o
 .text.memset   0x0800d524       0x10 C:/ST/STM32CubeIDE_2.1.1/STM32CubeIDE/plugins/com.st.stm32cube.ide.mcu.externaltools.gnu-tools-for-stm32.14.3.rel1.win32_1.0.100.202602081740/tools/bin/../lib/gcc/arm-none-eabi/14.3.1/../../../../arm-none-eabi/lib/thumb/v7e-m+dp/hard\libc_nano.a(libc_a-memset.o)
                0x0800d524                memset
 .text.__libc_init_array
                0x0800d534       0x48 C:/ST/STM32CubeIDE_2.1.1/STM32CubeIDE/plugins/com.st.stm32cube.ide.mcu.externaltools.gnu-tools-for-stm32.14.3.rel1.win32_1.0.100.202602081740/tools/bin/../lib/gcc/arm-none-eabi/14.3.1/../../../../arm-none-eabi/lib/thumb/v7e-m+dp/hard\libc_nano.a(libc_a-init.o)
                0x0800d534                __libc_init_array
 .text.memcpy   0x0800d57c       0x1c C:/ST/STM32CubeIDE_2.1.1/STM32CubeIDE/plugins/com.st.stm32cube.ide.mcu.externaltools.gnu-tools-for-stm32.14.3.rel1.win32_1.0.100.202602081740/tools/bin/../lib/gcc/arm-none-eabi/14.3.1/../../../../arm-none-eabi/lib/thumb/v7e-m+dp/hard\libc_nano.a(libc_a-memcpy-stub.o)
                0x0800d57c                memcpy
 *(.glue_7)
 .glue_7        0x0800d598        0x0 linker stubs
 *(.glue_7t)
 .glue_7t       0x0800d598        0x0 linker stubs
 *(.eh_frame)
 .eh_frame      0x0800d598        0x0 C:/ST/STM32CubeIDE_2.1.1/STM32CubeIDE/plugins/com.st.stm32cube.ide.mcu.externaltools.gnu-tools-for-stm32.14.3.rel1.win32_1.0.100.202602081740/tools/bin/../lib/gcc/arm-none-eabi/14.3.1/thumb/v7e-m+dp/hard/crtbegin.o
 *(.init)
 .init          0x0800d598        0x4 C:/ST/STM32CubeIDE_2.1.1/STM32CubeIDE/plugins/com.st.stm32cube.ide.mcu.externaltools.gnu-tools-for-stm32.14.3.rel1.win32_1.0.100.202602081740/tools/bin/../lib/gcc/arm-none-eabi/14.3.1/thumb/v7e-m+dp/hard/crti.o
                0x0800d598                _init
 .init          0x0800d59c        0x8 C:/ST/STM32CubeIDE_2.1.1/STM32CubeIDE/plugins/com.st.stm32cube.ide.mcu.externaltools.gnu-tools-for-stm32.14.3.rel1.win32_1.0.100.202602081740/tools/bin/../lib/gcc/arm-none-eabi/14.3.1/thumb/v7e-m+dp/hard/crtn.o
 *(.fini)
 .fini          0x0800d5a4        0x4 C:/ST/STM32CubeIDE_2.1.1/STM32CubeIDE/plugins/com.st.stm32cube.ide.mcu.externaltools.gnu-tools-for-stm32.14.3.rel1.win32_1.0.100.202602081740/tools/bin/../lib/gcc/arm-none-eabi/14.3.1/thumb/v7e-m+dp/hard/crti.o
                0x0800d5a4                _fini
 .fini          0x0800d5a8        0x8 C:/ST/STM32CubeIDE_2.1.1/STM32CubeIDE/plugins/com.st.stm32cube.ide.mcu.externaltools.gnu-tools-for-stm32.14.3.rel1.win32_1.0.100.202602081740/tools/bin/../lib/gcc/arm-none-eabi/14.3.1/thumb/v7e-m+dp/hard/crtn.o
                0x0800d5b0                        . = ALIGN (0x4)
                0x0800d5b0                        _etext = .

.vfp11_veneer   0x0800d5b0        0x0
 .vfp11_veneer  0x0800d5b0        0x0 linker stubs

.v4_bx          0x0800d5b0        0x0
 .v4_bx         0x0800d5b0        0x0 linker stubs

.iplt           0x0800d5b0        0x0
 .iplt          0x0800d5b0        0x0 C:/ST/STM32CubeIDE_2.1.1/STM32CubeIDE/plugins/com.st.stm32cube.ide.mcu.externaltools.gnu-tools-for-stm32.14.3.rel1.win32_1.0.100.202602081740/tools/bin/../lib/gcc/arm-none-eabi/14.3.1/thumb/v7e-m+dp/hard/crtbegin.o

.rodata         0x0800d5b0      0x1f0
                0x0800d5b0                        . = ALIGN (0x4)
 *(.rodata)
 .rodata        0x0800d5b0       0x4c ./Drivers/STM32H7xx_HAL_Driver/Src/stm32h7xx_hal_fdcan.o
 .rodata        0x0800d5fc        0x5 ./Middlewares/Third_Party/FreeRTOS/Source/tasks.o
 *fill*         0x0800d601        0x3 
 .rodata        0x0800d604        0xd ./Middlewares/Third_Party/FreeRTOS/Source/timers.o
 *(.rodata*)
 *fill*         0x0800d611        0x3 
 .rodata.dlc_table.0
                0x0800d614       0x10 ./Core/Src/can_dma_buffer.o
 .rodata.str1.4
                0x0800d624       0x75 ./Core/Src/freertos.o
 *fill*         0x0800d699        0x3 
 .rodata.imuMutex_attributes
                0x0800d69c       0x10 ./Core/Src/freertos.o
                0x0800d69c                imuMutex_attributes
 .rodata.defaultTask_attributes
                0x0800d6ac       0x24 ./Core/Src/freertos.o
                0x0800d6ac                defaultTask_attributes
 .rodata.ControlTask_attributes
                0x0800d6d0       0x24 ./Core/Src/freertos.o
                0x0800d6d0                ControlTask_attributes
 .rodata.SafetyTask_attributes
                0x0800d6f4       0x24 ./Core/Src/freertos.o
                0x0800d6f4                SafetyTask_attributes
 .rodata.TelemetryTask_attributes
                0x0800d718       0x24 ./Core/Src/freertos.o
                0x0800d718                TelemetryTask_attributes
 .rodata.canTxMutex_attributes
                0x0800d73c       0x10 ./Core/Src/freertos.o
                0x0800d73c                canTxMutex_attributes
 .rodata.bmsMutex_attributes
                0x0800d74c       0x10 ./Core/Src/freertos.o
                0x0800d74c                bmsMutex_attributes
 .rodata.stateMutex_attributes
                0x0800d75c       0x10 ./Core/Src/freertos.o
                0x0800d75c                stateMutex_attributes
 .rodata.targetSpeedMutex_attributes
                0x0800d76c       0x10 ./Core/Src/freertos.o
                0x0800d76c                targetSpeedMutex_attributes
 .rodata.D1CorePrescTable
                0x0800d77c       0x10 ./Core/Src/system_stm32h7xx.o
                0x0800d77c                D1CorePrescTable
 .rodata.DLCtoBytes
                0x0800d78c       0x10 ./Drivers/STM32H7xx_HAL_Driver/Src/stm32h7xx_hal_fdcan.o
 .rodata.uxTopUsedPriority
                0x0800d79c        0x4 ./Middlewares/Third_Party/FreeRTOS/Source/tasks.o
                0x0800d79c                uxTopUsedPriority
                0x0800d7a0                        . = ALIGN (0x4)

.ARM.extab
 *(.ARM.extab* .gnu.linkonce.armextab.*)

.ARM            0x0800d7a0        0x0
                0x0800d7a0                        __exidx_start = .
 *(.ARM.exidx*)
                0x0800d7a0                        __exidx_end = .

.preinit_array  0x0800d7a0        0x0
                0x0800d7a0                        PROVIDE (__preinit_array_start = .)
 *(.preinit_array*)
                0x0800d7a0                        PROVIDE (__preinit_array_end = .)

.init_array     0x0800d7a0        0x4
                0x0800d7a0                        PROVIDE (__init_array_start = .)
 *(SORT_BY_NAME(.init_array.*))
 *(.init_array*)
 .init_array    0x0800d7a0        0x4 C:/ST/STM32CubeIDE_2.1.1/STM32CubeIDE/plugins/com.st.stm32cube.ide.mcu.externaltools.gnu-tools-for-stm32.14.3.rel1.win32_1.0.100.202602081740/tools/bin/../lib/gcc/arm-none-eabi/14.3.1/thumb/v7e-m+dp/hard/crtbegin.o
                0x0800d7a4                        PROVIDE (__init_array_end = .)

.fini_array     0x0800d7a4        0x4
                [!provide]                        PROVIDE (__fini_array_start = .)
 *(SORT_BY_NAME(.fini_array.*))
 *(.fini_array*)
 .fini_array    0x0800d7a4        0x4 C:/ST/STM32CubeIDE_2.1.1/STM32CubeIDE/plugins/com.st.stm32cube.ide.mcu.externaltools.gnu-tools-for-stm32.14.3.rel1.win32_1.0.100.202602081740/tools/bin/../lib/gcc/arm-none-eabi/14.3.1/thumb/v7e-m+dp/hard/crtbegin.o
                [!provide]                        PROVIDE (__fini_array_end = .)
                0x0800d7a8                        _sidata = LOADADDR (.data)

.rel.dyn        0x0800d7a8        0x0
 .rel.iplt      0x0800d7a8        0x0 C:/ST/STM32CubeIDE_2.1.1/STM32CubeIDE/plugins/com.st.stm32cube.ide.mcu.externaltools.gnu-tools-for-stm32.14.3.rel1.win32_1.0.100.202602081740/tools/bin/../lib/gcc/arm-none-eabi/14.3.1/thumb/v7e-m+dp/hard/crtbegin.o

.data           0x24000000       0x18 load address 0x0800d7a8
                0x24000000                        . = ALIGN (0x4)
                0x24000000                        _sdata = .
 *(.data)
 *(.data*)
 .data.brake_applied
                0x24000000        0x1 ./Core/Src/brake_control.o
 *fill*         0x24000001        0x3 
 .data.SystemCoreClock
                0x24000004        0x4 ./Core/Src/system_stm32h7xx.o
                0x24000004                SystemCoreClock
 .data.SystemD2Clock
                0x24000008        0x4 ./Core/Src/system_stm32h7xx.o
                0x24000008                SystemD2Clock
 .data.uwTickPrio
                0x2400000c        0x4 ./Drivers/STM32H7xx_HAL_Driver/Src/stm32h7xx_hal.o
                0x2400000c                uwTickPrio
 .data.uwTickFreq
                0x24000010        0x1 ./Drivers/STM32H7xx_HAL_Driver/Src/stm32h7xx_hal.o
                0x24000010                uwTickFreq
 *fill*         0x24000011        0x3 
 .data.uxCriticalNesting
                0x24000014        0x4 ./Middlewares/Third_Party/FreeRTOS/Source/portable/GCC/ARM_CM4F/port.o
 *(.RamFunc)
 *(.RamFunc*)
                0x24000018                        . = ALIGN (0x4)
                0x24000018                        _edata = .

.igot.plt       0x24000018        0x0 load address 0x0800d7c0
 .igot.plt      0x24000018        0x0 C:/ST/STM32CubeIDE_2.1.1/STM32CubeIDE/plugins/com.st.stm32cube.ide.mcu.externaltools.gnu-tools-for-stm32.14.3.rel1.win32_1.0.100.202602081740/tools/bin/../lib/gcc/arm-none-eabi/14.3.1/thumb/v7e-m+dp/hard/crtbegin.o
                0x24000018                        . = ALIGN (0x4)

.bss            0x24000020     0x96c8 load address 0x0800d7c0
                0x24000020                        _sbss = .
                0x24000020                        __bss_start__ = _sbss
 *(.bss)
 .bss           0x24000020       0x1c C:/ST/STM32CubeIDE_2.1.1/STM32CubeIDE/plugins/com.st.stm32cube.ide.mcu.externaltools.gnu-tools-for-stm32.14.3.rel1.win32_1.0.100.202602081740/tools/bin/../lib/gcc/arm-none-eabi/14.3.1/thumb/v7e-m+dp/hard/crtbegin.o
 *(.bss*)
 .bss.odrive_state
                0x2400003c       0x28 ./Core/Src/Odrive_can.o
 .bss.can_tx_error_count
                0x24000064        0x4 ./Core/Src/can_comm.o
 .bss.can_rx_error_count
                0x24000068        0x4 ./Core/Src/can_comm.o
                0x24000068                can_rx_error_count
 .bss.can_protocol_error_count
                0x2400006c        0x4 ./Core/Src/can_comm.o
                0x2400006c                can_protocol_error_count
 *fill*         0x24000070       0x10 
 .bss.ring      0x24000080      0x600 ./Core/Src/can_dma_buffer.o
 .bss.wr_idx    0x24000680        0x4 ./Core/Src/can_dma_buffer.o
 .bss.rd_idx    0x24000684        0x4 ./Core/Src/can_dma_buffer.o
 .bss.overrun_cnt
                0x24000688        0x4 ./Core/Src/can_dma_buffer.o
 .bss.last_command_rx_time
                0x2400068c        0x4 ./Core/Src/failsafe.o
                0x2400068c                last_command_rx_time
 .bss.soft_latch
                0x24000690        0x1 ./Core/Src/failsafe.o
 .bss.hard_latch
                0x24000691        0x1 ./Core/Src/failsafe.o
 *fill*         0x24000692        0x2 
 .bss.hfdcan1   0x24000694       0xa0 ./Core/Src/fdcan.o
                0x24000694                hfdcan1
 .bss.g_bmsData
                0x24000734       0x78 ./Core/Src/freertos.o
                0x24000734                g_bmsData
 .bss.g_vehicleState
                0x240007ac        0x1 ./Core/Src/freertos.o
                0x240007ac                g_vehicleState
 *fill*         0x240007ad        0x3 
 .bss.g_heartbeat
                0x240007b0       0x14 ./Core/Src/freertos.o
                0x240007b0                g_heartbeat
 .bss.g_targetSpeed_mm_s
                0x240007c4        0x4 ./Core/Src/freertos.o
                0x240007c4                g_targetSpeed_mm_s
 .bss.g_surusModu
                0x240007c8        0x1 ./Core/Src/freertos.o
                0x240007c8                g_surusModu
 .bss.g_kontrol
                0x240007c9        0x1 ./Core/Src/freertos.o
                0x240007c9                g_kontrol
 .bss.g_errorMask
                0x240007ca        0x1 ./Core/Src/freertos.o
                0x240007ca                g_errorMask
 .bss.g_errorDetail
                0x240007cb        0x1 ./Core/Src/freertos.o
                0x240007cb                g_errorDetail
 .bss.s_velProfile
                0x240007cc       0x18 ./Core/Src/freertos.o
 .bss.s_pid     0x240007e4       0x1c ./Core/Src/freertos.o
 .bss.s_currentLimiter
                0x24000800       0x2c ./Core/Src/freertos.o
 .bss.s_odriveSm
                0x2400082c       0x10 ./Core/Src/freertos.o
 .bss.g_imu_angle_deg
                0x2400083c        0x4 ./Core/Src/freertos.o
                0x2400083c                g_imu_angle_deg
 .bss.s_imuFilter
                0x24000840        0xc ./Core/Src/freertos.o
 .bss.imuMutexHandle
                0x2400084c        0x4 ./Core/Src/freertos.o
                0x2400084c                imuMutexHandle
 .bss.defaultTaskHandle
                0x24000850        0x4 ./Core/Src/freertos.o
                0x24000850                defaultTaskHandle
 .bss.ControlTaskHandle
                0x24000854        0x4 ./Core/Src/freertos.o
                0x24000854                ControlTaskHandle
 .bss.SafetyTaskHandle
                0x24000858        0x4 ./Core/Src/freertos.o
                0x24000858                SafetyTaskHandle
 .bss.TelemetryTaskHandle
                0x2400085c        0x4 ./Core/Src/freertos.o
                0x2400085c                TelemetryTaskHandle
 .bss.canTxMutexHandle
                0x24000860        0x4 ./Core/Src/freertos.o
                0x24000860                canTxMutexHandle
 .bss.bmsMutexHandle
                0x24000864        0x4 ./Core/Src/freertos.o
                0x24000864                bmsMutexHandle
 .bss.stateMutexHandle
                0x24000868        0x4 ./Core/Src/freertos.o
                0x24000868                stateMutexHandle
 .bss.targetSpeedMutexHandle
                0x2400086c        0x4 ./Core/Src/freertos.o
                0x2400086c                targetSpeedMutexHandle
 .bss.last_error_mask.0
                0x24000870        0x1 ./Core/Src/freertos.o
 *fill*         0x24000871        0x3 
 .bss.hiwdg1    0x24000874       0x10 ./Core/Src/iwdg.o
                0x24000874                hiwdg1
 .bss.hmdma_mdma_channel0_sw_0
                0x24000884       0x6c ./Core/Src/mdma.o
                0x24000884                hmdma_mdma_channel0_sw_0
 .bss.target_speed_mm_s
                0x240008f0        0x4 ./Core/Src/motor_control.o
 .bss.holding_offset
                0x240008f4        0x4 ./Core/Src/pid.o
 .bss.htim6     0x240008f8       0x4c ./Core/Src/stm32h7xx_hal_timebase_tim.o
                0x240008f8                htim6
 .bss.htim1     0x24000944       0x4c ./Core/Src/tim.o
                0x24000944                htim1
 .bss.fire_start_time
                0x24000990        0x4 ./Core/Src/weapon_control.o
 .bss.is_firing
                0x24000994        0x1 ./Core/Src/weapon_control.o
 *fill*         0x24000995        0x3 
 .bss.uwTick    0x24000998        0x4 ./Drivers/STM32H7xx_HAL_Driver/Src/stm32h7xx_hal.o
                0x24000998                uwTick
 .bss.KernelState
                0x2400099c        0x4 ./Middlewares/Third_Party/FreeRTOS/Source/CMSIS_RTOS_V2/cmsis_os2.o
 .bss.Idle_TCB.3
                0x240009a0       0x5c ./Middlewares/Third_Party/FreeRTOS/Source/CMSIS_RTOS_V2/cmsis_os2.o
 .bss.Idle_Stack.2
                0x240009fc      0x200 ./Middlewares/Third_Party/FreeRTOS/Source/CMSIS_RTOS_V2/cmsis_os2.o
 .bss.Timer_TCB.1
                0x24000bfc       0x5c ./Middlewares/Third_Party/FreeRTOS/Source/CMSIS_RTOS_V2/cmsis_os2.o
 .bss.Timer_Stack.0
                0x24000c58      0x400 ./Middlewares/Third_Party/FreeRTOS/Source/CMSIS_RTOS_V2/cmsis_os2.o
 .bss.xQueueRegistry
                0x24001058       0x40 ./Middlewares/Third_Party/FreeRTOS/Source/queue.o
                0x24001058                xQueueRegistry
 .bss.pxCurrentTCB
                0x24001098        0x4 ./Middlewares/Third_Party/FreeRTOS/Source/tasks.o
                0x24001098                pxCurrentTCB
 .bss.pxReadyTasksLists
                0x2400109c      0x460 ./Middlewares/Third_Party/FreeRTOS/Source/tasks.o
 .bss.xDelayedTaskList1
                0x240014fc       0x14 ./Middlewares/Third_Party/FreeRTOS/Source/tasks.o
 .bss.xDelayedTaskList2
                0x24001510       0x14 ./Middlewares/Third_Party/FreeRTOS/Source/tasks.o
 .bss.pxDelayedTaskList
                0x24001524        0x4 ./Middlewares/Third_Party/FreeRTOS/Source/tasks.o
 .bss.pxOverflowDelayedTaskList
                0x24001528        0x4 ./Middlewares/Third_Party/FreeRTOS/Source/tasks.o
 .bss.xPendingReadyList
                0x2400152c       0x14 ./Middlewares/Third_Party/FreeRTOS/Source/tasks.o
 .bss.xTasksWaitingTermination
                0x24001540       0x14 ./Middlewares/Third_Party/FreeRTOS/Source/tasks.o
 .bss.uxDeletedTasksWaitingCleanUp
                0x24001554        0x4 ./Middlewares/Third_Party/FreeRTOS/Source/tasks.o
 .bss.xSuspendedTaskList
                0x24001558       0x14 ./Middlewares/Third_Party/FreeRTOS/Source/tasks.o
 .bss.uxCurrentNumberOfTasks
                0x2400156c        0x4 ./Middlewares/Third_Party/FreeRTOS/Source/tasks.o
 .bss.xTickCount
                0x24001570        0x4 ./Middlewares/Third_Party/FreeRTOS/Source/tasks.o
 .bss.uxTopReadyPriority
                0x24001574        0x4 ./Middlewares/Third_Party/FreeRTOS/Source/tasks.o
 .bss.xSchedulerRunning
                0x24001578        0x4 ./Middlewares/Third_Party/FreeRTOS/Source/tasks.o
 .bss.xPendedTicks
                0x2400157c        0x4 ./Middlewares/Third_Party/FreeRTOS/Source/tasks.o
 .bss.xYieldPending
                0x24001580        0x4 ./Middlewares/Third_Party/FreeRTOS/Source/tasks.o
 .bss.xNumOfOverflows
                0x24001584        0x4 ./Middlewares/Third_Party/FreeRTOS/Source/tasks.o
 .bss.uxTaskNumber
                0x24001588        0x4 ./Middlewares/Third_Party/FreeRTOS/Source/tasks.o
 .bss.xNextTaskUnblockTime
                0x2400158c        0x4 ./Middlewares/Third_Party/FreeRTOS/Source/tasks.o
 .bss.xIdleTaskHandle
                0x24001590        0x4 ./Middlewares/Third_Party/FreeRTOS/Source/tasks.o
 .bss.uxSchedulerSuspended
                0x24001594        0x4 ./Middlewares/Third_Party/FreeRTOS/Source/tasks.o
 .bss.xActiveTimerList1
                0x24001598       0x14 ./Middlewares/Third_Party/FreeRTOS/Source/timers.o
 .bss.xActiveTimerList2
                0x240015ac       0x14 ./Middlewares/Third_Party/FreeRTOS/Source/timers.o
 .bss.pxCurrentTimerList
                0x240015c0        0x4 ./Middlewares/Third_Party/FreeRTOS/Source/timers.o
 .bss.pxOverflowTimerList
                0x240015c4        0x4 ./Middlewares/Third_Party/FreeRTOS/Source/timers.o
 .bss.xTimerQueue
                0x240015c8        0x4 ./Middlewares/Third_Party/FreeRTOS/Source/timers.o
 .bss.xTimerTaskHandle
                0x240015cc        0x4 ./Middlewares/Third_Party/FreeRTOS/Source/timers.o
 .bss.xLastTime.2
                0x240015d0        0x4 ./Middlewares/Third_Party/FreeRTOS/Source/timers.o
 .bss.ucStaticTimerQueueStorage.1
                0x240015d4       0xa0 ./Middlewares/Third_Party/FreeRTOS/Source/timers.o
 .bss.xStaticTimerQueue.0
                0x24001674       0x50 ./Middlewares/Third_Party/FreeRTOS/Source/timers.o
 .bss.ucMaxSysCallPriority
                0x240016c4        0x1 ./Middlewares/Third_Party/FreeRTOS/Source/portable/GCC/ARM_CM4F/port.o
 *fill*         0x240016c5        0x3 
 .bss.ulMaxPRIGROUPValue
                0x240016c8        0x4 ./Middlewares/Third_Party/FreeRTOS/Source/portable/GCC/ARM_CM4F/port.o
 .bss.ucHeap    0x240016cc     0x8000 ./Middlewares/Third_Party/FreeRTOS/Source/portable/MemMang/heap_4.o
 .bss.xStart    0x240096cc        0x8 ./Middlewares/Third_Party/FreeRTOS/Source/portable/MemMang/heap_4.o
 .bss.pxEnd     0x240096d4        0x4 ./Middlewares/Third_Party/FreeRTOS/Source/portable/MemMang/heap_4.o
 .bss.xFreeBytesRemaining
                0x240096d8        0x4 ./Middlewares/Third_Party/FreeRTOS/Source/portable/MemMang/heap_4.o
 .bss.xMinimumEverFreeBytesRemaining
                0x240096dc        0x4 ./Middlewares/Third_Party/FreeRTOS/Source/portable/MemMang/heap_4.o
 .bss.xNumberOfSuccessfulAllocations
                0x240096e0        0x4 ./Middlewares/Third_Party/FreeRTOS/Source/portable/MemMang/heap_4.o
 .bss.xNumberOfSuccessfulFrees
                0x240096e4        0x4 ./Middlewares/Third_Party/FreeRTOS/Source/portable/MemMang/heap_4.o
 *(COMMON)
                0x240096e8                        . = ALIGN (0x4)
                0x240096e8                        _ebss = .
                0x240096e8                        __bss_end__ = _ebss

._user_heap_stack
                0x240096e8      0x600 load address 0x0800d7c0
                0x240096e8                        . = ALIGN (0x8)
                [!provide]                        PROVIDE (end = .)
                0x240096e8                        PROVIDE (_end = .)
                0x240098e8                        . = (. + _Min_Heap_Size)
 *fill*         0x240096e8      0x200 
                0x24009ce8                        . = (. + _Min_Stack_Size)
 *fill*         0x240098e8      0x400 
                0x24009ce8                        . = ALIGN (0x8)

/DISCARD/
 libc.a(*)
 libm.a(*)
 libgcc.a(*)

.ARM.attributes
                0x00000000       0x2e
 *(.ARM.attributes)
 .ARM.attributes
                0x00000000       0x20 C:/ST/STM32CubeIDE_2.1.1/STM32CubeIDE/plugins/com.st.stm32cube.ide.mcu.externaltools.gnu-tools-for-stm32.14.3.rel1.win32_1.0.100.202602081740/tools/bin/../lib/gcc/arm-none-eabi/14.3.1/thumb/v7e-m+dp/hard/crti.o
 .ARM.attributes
                0x00000020       0x32 C:/ST/STM32CubeIDE_2.1.1/STM32CubeIDE/plugins/com.st.stm32cube.ide.mcu.externaltools.gnu-tools-for-stm32.14.3.rel1.win32_1.0.100.202602081740/tools/bin/../lib/gcc/arm-none-eabi/14.3.1/thumb/v7e-m+dp/hard/crtbegin.o
 .ARM.attributes
                0x00000052       0x32 ./Core/Src/Odrive_can.o
 .ARM.attributes
                0x00000084       0x32 ./Core/Src/blackbox.o
 .ARM.attributes
                0x000000b6       0x32 ./Core/Src/bms_emus_can.o
 .ARM.attributes
                0x000000e8       0x32 ./Core/Src/brake_control.o
 .ARM.attributes
                0x0000011a       0x32 ./Core/Src/can_comm.o
 .ARM.attributes
                0x0000014c       0x32 ./Core/Src/can_dma_buffer.o
 .ARM.attributes
                0x0000017e       0x32 ./Core/Src/current_limiter.o
 .ARM.attributes
                0x000001b0       0x32 ./Core/Src/drive_mode.o
 .ARM.attributes
                0x000001e2       0x32 ./Core/Src/failsafe.o
 .ARM.attributes
                0x00000214       0x32 ./Core/Src/fdcan.o
 .ARM.attributes
                0x00000246       0x32 ./Core/Src/freertos.o
 .ARM.attributes
                0x00000278       0x32 ./Core/Src/gpio.o
 .ARM.attributes
                0x000002aa       0x32 ./Core/Src/heartbeat.o
 .ARM.attributes
                0x000002dc       0x32 ./Core/Src/imu_filter.o
 .ARM.attributes
                0x0000030e       0x32 ./Core/Src/iwdg.o
 .ARM.attributes
                0x00000340       0x32 ./Core/Src/main.o
 .ARM.attributes
                0x00000372       0x32 ./Core/Src/mdma.o
 .ARM.attributes
                0x000003a4       0x32 ./Core/Src/motor_control.o
 .ARM.attributes
                0x000003d6       0x32 ./Core/Src/odrive_sm.o
 .ARM.attributes
                0x00000408       0x32 ./Core/Src/pid.o
 .ARM.attributes
                0x0000043a       0x32 ./Core/Src/protocol.o
 .ARM.attributes
                0x0000046c       0x32 ./Core/Src/safe_mode.o
 .ARM.attributes
                0x0000049e       0x32 ./Core/Src/safety.o
 .ARM.attributes
                0x000004d0       0x32 ./Core/Src/state_machine.o
 .ARM.attributes
                0x00000502       0x32 ./Core/Src/stm32h7xx_hal_msp.o
 .ARM.attributes
                0x00000534       0x32 ./Core/Src/stm32h7xx_hal_timebase_tim.o
 .ARM.attributes
                0x00000566       0x32 ./Core/Src/stm32h7xx_it.o
 .ARM.attributes
                0x00000598       0x32 ./Core/Src/system_stm32h7xx.o
 .ARM.attributes
                0x000005ca       0x32 ./Core/Src/tim.o
 .ARM.attributes
                0x000005fc       0x32 ./Core/Src/vel_profile.o
 .ARM.attributes
                0x0000062e       0x32 ./Core/Src/weapon_control.o
 .ARM.attributes
                0x00000660       0x21 ./Core/Startup/startup_stm32h750vbtx.o
 .ARM.attributes
                0x00000681       0x32 ./Drivers/STM32H7xx_HAL_Driver/Src/stm32h7xx_hal.o
 .ARM.attributes
                0x000006b3       0x32 ./Drivers/STM32H7xx_HAL_Driver/Src/stm32h7xx_hal_cortex.o
 .ARM.attributes
                0x000006e5       0x32 ./Drivers/STM32H7xx_HAL_Driver/Src/stm32h7xx_hal_fdcan.o
 .ARM.attributes
                0x00000717       0x32 ./Drivers/STM32H7xx_HAL_Driver/Src/stm32h7xx_hal_gpio.o
 .ARM.attributes
                0x00000749       0x32 ./Drivers/STM32H7xx_HAL_Driver/Src/stm32h7xx_hal_iwdg.o
 .ARM.attributes
                0x0000077b       0x32 ./Drivers/STM32H7xx_HAL_Driver/Src/stm32h7xx_hal_mdma.o
 .ARM.attributes
                0x000007ad       0x32 ./Drivers/STM32H7xx_HAL_Driver/Src/stm32h7xx_hal_pwr.o
 .ARM.attributes
                0x000007df       0x32 ./Drivers/STM32H7xx_HAL_Driver/Src/stm32h7xx_hal_pwr_ex.o
 .ARM.attributes
                0x00000811       0x32 ./Drivers/STM32H7xx_HAL_Driver/Src/stm32h7xx_hal_rcc.o
 .ARM.attributes
                0x00000843       0x32 ./Drivers/STM32H7xx_HAL_Driver/Src/stm32h7xx_hal_rcc_ex.o
 .ARM.attributes
                0x00000875       0x32 ./Drivers/STM32H7xx_HAL_Driver/Src/stm32h7xx_hal_tim.o
 .ARM.attributes
                0x000008a7       0x32 ./Drivers/STM32H7xx_HAL_Driver/Src/stm32h7xx_hal_tim_ex.o
 .ARM.attributes
                0x000008d9       0x32 ./Middlewares/Third_Party/FreeRTOS/Source/CMSIS_RTOS_V2/cmsis_os2.o
 .ARM.attributes
                0x0000090b       0x32 ./Middlewares/Third_Party/FreeRTOS/Source/list.o
 .ARM.attributes
                0x0000093d       0x32 ./Middlewares/Third_Party/FreeRTOS/Source/queue.o
 .ARM.attributes
                0x0000096f       0x32 ./Middlewares/Third_Party/FreeRTOS/Source/tasks.o
 .ARM.attributes
                0x000009a1       0x32 ./Middlewares/Third_Party/FreeRTOS/Source/timers.o
 .ARM.attributes
                0x000009d3       0x32 ./Middlewares/Third_Party/FreeRTOS/Source/portable/GCC/ARM_CM4F/port.o
 .ARM.attributes
                0x00000a05       0x32 ./Middlewares/Third_Party/FreeRTOS/Source/portable/MemMang/heap_4.o
 .ARM.attributes
                0x00000a37       0x32 C:/ST/STM32CubeIDE_2.1.1/STM32CubeIDE/plugins/com.st.stm32cube.ide.mcu.externaltools.gnu-tools-for-stm32.14.3.rel1.win32_1.0.100.202602081740/tools/bin/../lib/gcc/arm-none-eabi/14.3.1/../../../../arm-none-eabi/lib/thumb/v7e-m+dp/hard\libc_nano.a(libc_a-memset.o)
 .ARM.attributes
                0x00000a69       0x32 C:/ST/STM32CubeIDE_2.1.1/STM32CubeIDE/plugins/com.st.stm32cube.ide.mcu.externaltools.gnu-tools-for-stm32.14.3.rel1.win32_1.0.100.202602081740/tools/bin/../lib/gcc/arm-none-eabi/14.3.1/../../../../arm-none-eabi/lib/thumb/v7e-m+dp/hard\libc_nano.a(libc_a-init.o)
 .ARM.attributes
                0x00000a9b       0x32 C:/ST/STM32CubeIDE_2.1.1/STM32CubeIDE/plugins/com.st.stm32cube.ide.mcu.externaltools.gnu-tools-for-stm32.14.3.rel1.win32_1.0.100.202602081740/tools/bin/../lib/gcc/arm-none-eabi/14.3.1/../../../../arm-none-eabi/lib/thumb/v7e-m+dp/hard\libc_nano.a(libc_a-memcpy-stub.o)
 .ARM.attributes
                0x00000acd       0x20 C:/ST/STM32CubeIDE_2.1.1/STM32CubeIDE/plugins/com.st.stm32cube.ide.mcu.externaltools.gnu-tools-for-stm32.14.3.rel1.win32_1.0.100.202602081740/tools/bin/../lib/gcc/arm-none-eabi/14.3.1/thumb/v7e-m+dp/hard/crtn.o
OUTPUT(IKA_Firmware.elf elf32-littlearm)
LOAD linker stubs
LOAD C:/ST/STM32CubeIDE_2.1.1/STM32CubeIDE/plugins/com.st.stm32cube.ide.mcu.externaltools.gnu-tools-for-stm32.14.3.rel1.win32_1.0.100.202602081740/tools/bin/../lib/gcc/arm-none-eabi/14.3.1/../../../../arm-none-eabi/lib/thumb/v7e-m+dp/hard\libc.a
LOAD C:/ST/STM32CubeIDE_2.1.1/STM32CubeIDE/plugins/com.st.stm32cube.ide.mcu.externaltools.gnu-tools-for-stm32.14.3.rel1.win32_1.0.100.202602081740/tools/bin/../lib/gcc/arm-none-eabi/14.3.1/../../../../arm-none-eabi/lib/thumb/v7e-m+dp/hard\libm.a
LOAD C:/ST/STM32CubeIDE_2.1.1/STM32CubeIDE/plugins/com.st.stm32cube.ide.mcu.externaltools.gnu-tools-for-stm32.14.3.rel1.win32_1.0.100.202602081740/tools/bin/../lib/gcc/arm-none-eabi/14.3.1/thumb/v7e-m+dp/hard\libgcc.a

.debug_info     0x00000000    0x2ab95
 .debug_info    0x00000000      0x89d ./Core/Src/Odrive_can.o
 .debug_info    0x0000089d      0x6f4 ./Core/Src/blackbox.o
 .debug_info    0x00000f91      0x428 ./Core/Src/bms_emus_can.o
 .debug_info    0x000013b9      0x21a ./Core/Src/brake_control.o
 .debug_info    0x000015d3      0xe45 ./Core/Src/can_comm.o
 .debug_info    0x00002418     0x151d ./Core/Src/can_dma_buffer.o