../Core/Src/Odrive_can.c:16:14:read_f32_le	24	static
../Core/Src/Odrive_can.c:27:17:read_u32_le	16	static
../Core/Src/Odrive_can.c:41:13:write_f32_le	24	static
../Core/Src/Odrive_can.c:51:13:write_u32_le	16	static
../Core/Src/Odrive_can.c:59:13:write_i16_le	16	static
../Core/Src/Odrive_can.c:75:13:unpack_heartbeat	16	static
../Core/Src/Odrive_can.c:86:13:unpack_encoder	16	static
../Core/Src/Odrive_can.c:95:13:unpack_iq	16	static
../Core/Src/Odrive_can.c:104:13:unpack_bus_vi	16	static
../Core/Src/Odrive_can.c:118:13:pack_set_vel	16	static
../Core/Src/Odrive_can.c:126:13:pack_set_torque	16	static
../Core/Src/Odrive_can.c:135:13:pack_set_pos	16	static
../Core/Src/Odrive_can.c:145:13:pack_ctrl_mode	16	static
../Core/Src/Odrive_can.c:154:6:odrive_init	8	static
../Core/Src/Odrive_can.c:165:6:odrive_process_rx	24	static
../Core/Src/Odrive_can.c:218:5:odrive_send_velocity	32	static
../Core/Src/Odrive_can.c:233:5:odrive_send_torque	24	static
../Core/Src/Odrive_can.c:247:5:odrive_send_position	40	static
../Core/Src/Odrive_can.c:265:5:odrive_set_control_mode	32	static
../Core/Src/Odrive_can.c:279:7:odrive_mps_to_turns_per_s	24	static
../Core/Src/Odrive_can.c:286:7:odrive_turns_per_s_to_mps	24	static
../Core/Src/Odrive_can.c:296:23:odrive_get_state	4	static
../Core/Src/Odrive_can.c:301:9:odrive_is_connected	8	static
../Core/Src/Odrive_can.c:308:9:odrive_has_error	4	static
